interactions:
- request:
    body: '{"method": "getMasterchainInfo", "params": {}, "jsonrpc": "2.0", "id":
      1}'
    headers:
      Content-Type:
      - application/json
    method: POST
    uri: https://testnet.toncenter.com/api/v2/jsonRPC
  response:
    body:
      string: '{"ok":true,"result":{"@type":"blocks.masterchainInfo","last":{"@type":"ton.blockIdExt","workchain":-1,"shard":"-9223372036854775808","seqno":27414835,"root_hash":"mYyK+a7moPcYlUnoAKuNDVPyO55X1P6ajhdTKHs57z8=","file_hash":"zQlgbSzqm0Ge2t9QOxZtT76UCfRWitQ0UpgPAD+ajJY="},"state_root_hash":"x6JN3wQqEdPtAJJL3lWMplfKaYtPTVuV1IzEybfGeOg=","init":{"@type":"ton.blockIdExt","workchain":-1,"shard":"0","seqno":0,"root_hash":"gj+B8wb/AmlPk1z1AhVI484rhrUpgSr2oSFIh56VoSg=","file_hash":"Z+IKwYS54DmmJmesw/nAD5DzWadnOCMzee+kdgSYDOg="},"@extra":"1737716391.8845375:4:0.5790968632233768"},"id":"1","jsonrpc":"2.0"}'
    headers:
      Access-Control-Allow-Headers:
      - User-Agent,Keep-Alive,Content-Type,X-API-Key,X-Ton-Client-Version
      Access-Control-Allow-Methods:
      - GET, POST, OPTIONS
      Access-Control-Allow-Origin:
      - '*'
      CF-RAY:
      - 906f83fc1de5a67c-LHR
      Connection:
      - keep-alive
      Content-Encoding:
      - gzip
      Content-Type:
      - application/json
      Date:
      - Fri, 24 Jan 2025 10:59:42 GMT
      NEL:
      - '{"success_fraction":0,"report_to":"cf-nel","max_age":604800}'
      Report-To:
      - '{"endpoints":[{"url":"https:\/\/a.nel.cloudflare.com\/report\/v4?s=GU3e32od5sy5nPNIQFw4REju%2FLMab%2FViFmkUYvrAvBHtOKOxdipblImzxEMU%2Br2lF%2FK4e4KXTMYDB0KrAoulsCXarwlIg3smUuBOnH1VaWWy%2BDRioxgy3a2wUTv4YNzea83W5t38SQ%3D%3D"}],"group":"cf-nel","max_age":604800}'
      Server:
      - cloudflare
      Transfer-Encoding:
      - chunked
      cf-cache-status:
      - DYNAMIC
      server-timing:
      - cfL4;desc="?proto=TCP&rtt=23768&min_rtt=23216&rtt_var=9100&sent=4&recv=7&lost=0&retrans=0&sent_bytes=2414&recv_bytes=991&delivery_rate=124741&cwnd=74&unsent_bytes=0&cid=d53445da77256161&ts=64&x=0"
    status:
      code: 200
      message: OK
- request:
    body: '{"method": "shards", "params": {"seqno": 19627950}, "jsonrpc": "2.0", "id":
      1}'
    headers:
      Content-Type:
      - application/json
    method: POST
    uri: https://testnet.toncenter.com/api/v2/jsonRPC
  response:
    body:
      string: '{"ok":true,"result":{"@type":"blocks.shards","shards":[{"@type":"ton.blockIdExt","workchain":0,"shard":"2305843009213693952","seqno":21086011,"root_hash":"rDCqg9uOTNnkJ32tELiJu1CExLnbbG4eOD0XIMA+YKU=","file_hash":"ALoAbRV8KpDLOThjaO9YO2cYDEOZBb7UiVbBMvv+95o="},{"@type":"ton.blockIdExt","workchain":0,"shard":"6917529027641081856","seqno":21086022,"root_hash":"QYrKw/EaodE7Qi+osAg1ZZgUirV/+6xF4SGU1vBAnwc=","file_hash":"+nocSYavKaoy3yejgL0IU/TL2KlaeLhhHkE1j/ibhO0="},{"@type":"ton.blockIdExt","workchain":0,"shard":"-6917529027641081856","seqno":21083296,"root_hash":"SGhY85YDkMeHpfGrgOb1DvkEVUPRBhKm8XkXOMg2HGQ=","file_hash":"ELdG4uifTJm49/e6vXaN55x5ZS4H3bmVb47e9WHxjfM="},{"@type":"ton.blockIdExt","workchain":0,"shard":"-2305843009213693952","seqno":21084225,"root_hash":"rKovmJVhng1NO1sA+4tmy375sRUBAiQo4IGzZjbRfTg=","file_hash":"pqLCrID6rJzV5cqO/F5AMQwlRdlTaxPNQ+A/BKklzLk="}],"@extra":"1737716392.1884665:2:0.8625131394009323"},"id":"1","jsonrpc":"2.0"}'
    headers:
      Access-Control-Allow-Headers:
      - User-Agent,Keep-Alive,Content-Type,X-API-Key,X-Ton-Client-Version
      Access-Control-Allow-Methods:
      - GET, POST, OPTIONS
      Access-Control-Allow-Origin:
      - '*'
      CF-RAY:
      - 906f83fc6f27a67c-LHR
      Connection:
      - keep-alive
      Content-Encoding:
      - gzip
      Content-Type:
      - application/json
      Date:
      - Fri, 24 Jan 2025 10:59:42 GMT
      NEL:
      - '{"success_fraction":0,"report_to":"cf-nel","max_age":604800}'
      Report-To:
      - '{"endpoints":[{"url":"https:\/\/a.nel.cloudflare.com\/report\/v4?s=JiQVf2VFzhuLTxlHHFQ%2Fg%2Bz54bc5XHoKvN6jsY7UUbJ%2B8iN2ur%2BTwRpQhnRuN%2FJQPOw%2BZVhl7WuMJz2ztTK4R6Mq2FIRR9vU7tSLnk5ygw8BFKWmnic%2BXrp112yGO4WaFxrT9TWQ6w%3D%3D"}],"group":"cf-nel","max_age":604800}'
      Server:
      - cloudflare
      Transfer-Encoding:
      - chunked
      cf-cache-status:
      - DYNAMIC
      server-timing:
      - cfL4;desc="?proto=TCP&rtt=23282&min_rtt=19838&rtt_var=7796&sent=9&recv=10&lost=0&retrans=0&sent_bytes=4346&recv_bytes=1390&delivery_rate=291289&cwnd=78&unsent_bytes=0&cid=d53445da77256161&ts=137&x=0"
    status:
      code: 200
      message: OK
- request:
    body: '{"method": "getBlockTransactions", "params": {"workchain": 0, "shard":
      "2305843009213693952", "seqno": 21086011, "count": 1000}, "jsonrpc": "2.0",
      "id": 1}'
    headers:
      Content-Type:
      - application/json
    method: POST
    uri: https://testnet.toncenter.com/api/v2/jsonRPC
  response:
    body:
      string: '{"ok":true,"result":{"@type":"blocks.transactions","id":{"@type":"ton.blockIdExt","workchain":0,"shard":"2305843009213693952","seqno":21086011,"root_hash":"rDCqg9uOTNnkJ32tELiJu1CExLnbbG4eOD0XIMA+YKU=","file_hash":"ALoAbRV8KpDLOThjaO9YO2cYDEOZBb7UiVbBMvv+95o="},"req_count":1000,"incomplete":false,"transactions":[],"@extra":"1737716392.30837:11:0.5230765453794697"},"id":"1","jsonrpc":"2.0"}'
    headers:
      Access-Control-Allow-Headers:
      - User-Agent,Keep-Alive,Content-Type,X-API-Key,X-Ton-Client-Version
      Access-Control-Allow-Methods:
      - GET, POST, OPTIONS
      Access-Control-Allow-Origin:
      - '*'
      CF-RAY:
      - 906f83fce814a67c-LHR
      Connection:
      - keep-alive
      Content-Encoding:
      - gzip
      Content-Type:
      - application/json
      Date:
      - Fri, 24 Jan 2025 10:59:42 GMT
      NEL:
      - '{"success_fraction":0,"report_to":"cf-nel","max_age":604800}'
      Report-To:
      - '{"endpoints":[{"url":"https:\/\/a.nel.cloudflare.com\/report\/v4?s=WdjM85EiUgYpfsOSHm%2B4o9e3QOzCpY0Bfv07Rlc3AHz5dxIz7P792uWUHwJyxWGygA1E084Wt2BHCEEN7zlQmJ%2BJ8LRlt4h%2Bd2wGSvhRg8orogn5p6pgxjVco1hR7x6jw0uRu2Ywuw%3D%3D"}],"group":"cf-nel","max_age":604800}'
      Server:
      - cloudflare
      Transfer-Encoding:
      - chunked
      cf-cache-status:
      - DYNAMIC
      server-timing:
      - cfL4;desc="?proto=TCP&rtt=23022&min_rtt=19838&rtt_var=6367&sent=12&recv=13&lost=0&retrans=0&sent_bytes=5963&recv_bytes=1867&delivery_rate=291289&cwnd=80&unsent_bytes=0&cid=d53445da77256161&ts=284&x=0"
    status:
      code: 200
      message: OK
- request:
    body: '{"method": "getBlockTransactions", "params": {"workchain": 0, "shard":
      "-6917529027641081856", "seqno": 21083296, "count": 1000}, "jsonrpc": "2.0",
      "id": 1}'
    headers:
      Content-Type:
      - application/json
    method: POST
    uri: https://testnet.toncenter.com/api/v2/jsonRPC
  response:
    body:
      string: '{"ok":true,"result":{"@type":"blocks.transactions","id":{"@type":"ton.blockIdExt","workchain":0,"shard":"-6917529027641081856","seqno":21083296,"root_hash":"SGhY85YDkMeHpfGrgOb1DvkEVUPRBhKm8XkXOMg2HGQ=","file_hash":"ELdG4uifTJm49/e6vXaN55x5ZS4H3bmVb47e9WHxjfM="},"req_count":1000,"incomplete":false,"transactions":[{"@type":"blocks.shortTxId","mode":135,"account":"0:8ab4438cfb69f9c1e1ffd54900dff61dc8711e424892ae244ca90874672afee7","lt":"22081057000001","hash":"qDI2jdsYg2Hv0wHpZHpL6ZnDiLepJXu9lK0oTgzh6+Y="}],"@extra":"1737716392.3659103:2:0.01724044248277301"},"id":"1","jsonrpc":"2.0"}'
    headers:
      Access-Control-Allow-Headers:
      - User-Agent,Keep-Alive,Content-Type,X-API-Key,X-Ton-Client-Version
      Access-Control-Allow-Methods:
      - GET, POST, OPTIONS
      Access-Control-Allow-Origin:
      - '*'
      CF-RAY:
      - 906f83fd4f53e8fc-LHR
      Connection:
      - keep-alive
      Content-Encoding:
      - gzip
      Content-Type:
      - application/json
      Date:
      - Fri, 24 Jan 2025 10:59:42 GMT
      NEL:
      - '{"success_fraction":0,"report_to":"cf-nel","max_age":604800}'
      Report-To:
      - '{"endpoints":[{"url":"https:\/\/a.nel.cloudflare.com\/report\/v4?s=wvQEJ54Mkuvzv6%2B2Mrxyaap8lNel0H9GEfSzuK6CsHPN6mLsKc8z1tZE3l4XqvR2qk06ngWGSiKJBV0uOysipiY64WGiQyjmbpqwGlbCz6ldrnksBTOFf7PGpUdvYARFykzYnFnoNw%3D%3D"}],"group":"cf-nel","max_age":604800}'
      Server:
      - cloudflare
      Transfer-Encoding:
      - chunked
      cf-cache-status:
      - DYNAMIC
      server-timing:
      - cfL4;desc="?proto=TCP&rtt=28941&min_rtt=25637&rtt_var=11974&sent=4&recv=7&lost=0&retrans=0&sent_bytes=2415&recv_bytes=1075&delivery_rate=112961&cwnd=226&unsent_bytes=0&cid=852a3a37110d8d4e&ts=120&x=0"
    status:
      code: 200
      message: OK
- request:
    body: '{"method": "getBlockTransactions", "params": {"workchain": 0, "shard":
      "6917529027641081856", "seqno": 21086022, "count": 1000}, "jsonrpc": "2.0",
      "id": 1}'
    headers:
      Content-Type:
      - application/json
    method: POST
    uri: https://testnet.toncenter.com/api/v2/jsonRPC
  response:
    body:
      string: '{"ok":true,"result":{"@type":"blocks.transactions","id":{"@type":"ton.blockIdExt","workchain":0,"shard":"6917529027641081856","seqno":21086022,"root_hash":"QYrKw/EaodE7Qi+osAg1ZZgUirV/+6xF4SGU1vBAnwc=","file_hash":"+nocSYavKaoy3yejgL0IU/TL2KlaeLhhHkE1j/ibhO0="},"req_count":1000,"incomplete":false,"transactions":[],"@extra":"1737716392.3657084:2:0.10280262723769884"},"id":"1","jsonrpc":"2.0"}'
    headers:
      Access-Control-Allow-Headers:
      - User-Agent,Keep-Alive,Content-Type,X-API-Key,X-Ton-Client-Version
      Access-Control-Allow-Methods:
      - GET, POST, OPTIONS
      Access-Control-Allow-Origin:
      - '*'
      CF-RAY:
      - 906f83fd3a194142-LHR
      Connection:
      - keep-alive
      Content-Encoding:
      - gzip
      Content-Type:
      - application/json
      Date:
      - Fri, 24 Jan 2025 10:59:42 GMT
      NEL:
      - '{"success_fraction":0,"report_to":"cf-nel","max_age":604800}'
      Report-To:
      - '{"endpoints":[{"url":"https:\/\/a.nel.cloudflare.com\/report\/v4?s=fsQEwwDU3Ty0wOLTicBudclBCPUPE4arCRA%2BZKilx8V6IXWUNI61GfnMgGP6V7%2BddzCBpPIYMvV8Oy2IImZar64aqGwPknUf0ITD4JzsjzRjKRe87%2FXSTFz%2Fz9N3YjKVSmhgODZzrQ%3D%3D"}],"group":"cf-nel","max_age":604800}'
      Server:
      - cloudflare
      Transfer-Encoding:
      - chunked
      cf-cache-status:
      - DYNAMIC
      server-timing:
      - cfL4;desc="?proto=TCP&rtt=22446&min_rtt=18903&rtt_var=8493&sent=4&recv=8&lost=0&retrans=0&sent_bytes=2414&recv_bytes=1074&delivery_rate=153089&cwnd=251&unsent_bytes=0&cid=70d63976874983f6&ts=131&x=0"
    status:
      code: 200
      message: OK
- request:
    body: '{"method": "getBlockTransactions", "params": {"workchain": 0, "shard":
      "-2305843009213693952", "seqno": 21084225, "count": 1000}, "jsonrpc": "2.0",
      "id": 1}'
    headers:
      Content-Type:
      - application/json
    method: POST
    uri: https://testnet.toncenter.com/api/v2/jsonRPC
  response:
    body:
      string: '{"ok":true,"result":{"@type":"blocks.transactions","id":{"@type":"ton.blockIdExt","workchain":0,"shard":"-2305843009213693952","seqno":21084225,"root_hash":"rKovmJVhng1NO1sA+4tmy375sRUBAiQo4IGzZjbRfTg=","file_hash":"pqLCrID6rJzV5cqO/F5AMQwlRdlTaxPNQ+A/BKklzLk="},"req_count":1000,"incomplete":false,"transactions":[{"@type":"blocks.shortTxId","mode":135,"account":"0:f630190f6fcde5fabb409265083dd21ed7523491e23d6f192770d13bba5fcfd7","lt":"22081058000001","hash":"DeSCrQgkeh2u9F2ePQjU3jgLISnU6EQ9uiHJ9MGbSp0="}],"@extra":"1737716392.375951:11:0.1148267044885195"},"id":"1","jsonrpc":"2.0"}'
    headers:
      Access-Control-Allow-Headers:
      - User-Agent,Keep-Alive,Content-Type,X-API-Key,X-Ton-Client-Version
      Access-Control-Allow-Methods:
      - GET, POST, OPTIONS
      Access-Control-Allow-Origin:
      - '*'
      CF-RAY:
      - 906f83fd3e5cf03d-LHR
      Connection:
      - keep-alive
      Content-Encoding:
      - gzip
      Content-Type:
      - application/json
      Date:
      - Fri, 24 Jan 2025 10:59:42 GMT
      NEL:
      - '{"success_fraction":0,"report_to":"cf-nel","max_age":604800}'
      Report-To:
      - '{"endpoints":[{"url":"https:\/\/a.nel.cloudflare.com\/report\/v4?s=IxhuPqVzSnAm6TkZsujttwLZutFLRNEtJff7lQ4x9r5fC13aNllyiONE%2Ffrtp7Tha8r0aDxs2BzhZ%2FSS614MIRqIUWccPR9dF6NX5ut5w5FujWuLltiNHKZGKjya2UC3MrCHD7QJwA%3D%3D"}],"group":"cf-nel","max_age":604800}'
      Server:
      - cloudflare
      Transfer-Encoding:
      - chunked
      cf-cache-status:
      - DYNAMIC
      server-timing:
      - cfL4;desc="?proto=TCP&rtt=23164&min_rtt=20840&rtt_var=9475&sent=4&recv=7&lost=0&retrans=0&sent_bytes=2414&recv_bytes=1075&delivery_rate=138963&cwnd=137&unsent_bytes=0&cid=f32fba6057c55b42&ts=163&x=0"
    status:
      code: 200
      message: OK
- request:
    body: '{"method": "getMasterchainInfo", "params": {}, "jsonrpc": "2.0", "id":
      1}'
    headers:
      Content-Type:
      - application/json
    method: POST
    uri: https://testnet.toncenter.com/api/v2/jsonRPC
  response:
    body:
      string: '{"ok":true,"result":{"@type":"blocks.masterchainInfo","last":{"@type":"ton.blockIdExt","workchain":-1,"shard":"-9223372036854775808","seqno":27414835,"root_hash":"mYyK+a7moPcYlUnoAKuNDVPyO55X1P6ajhdTKHs57z8=","file_hash":"zQlgbSzqm0Ge2t9QOxZtT76UCfRWitQ0UpgPAD+ajJY="},"state_root_hash":"x6JN3wQqEdPtAJJL3lWMplfKaYtPTVuV1IzEybfGeOg=","init":{"@type":"ton.blockIdExt","workchain":-1,"shard":"0","seqno":0,"root_hash":"gj+B8wb/AmlPk1z1AhVI484rhrUpgSr2oSFIh56VoSg=","file_hash":"Z+IKwYS54DmmJmesw/nAD5DzWadnOCMzee+kdgSYDOg="},"@extra":"1737716391.8845375:4:0.5790968632233768"},"id":"1","jsonrpc":"2.0"}'
    headers:
      Access-Control-Allow-Headers:
      - User-Agent,Keep-Alive,Content-Type,X-API-Key,X-Ton-Client-Version
      Access-Control-Allow-Methods:
      - GET, POST, OPTIONS
      Access-Control-Allow-Origin:
      - '*'
      CF-RAY:
      - 906f83fedc7ca67c-LHR
      Connection:
      - keep-alive
      Content-Encoding:
      - gzip
      Content-Type:
      - application/json
      Date:
      - Fri, 24 Jan 2025 10:59:42 GMT
      NEL:
      - '{"success_fraction":0,"report_to":"cf-nel","max_age":604800}'
      Report-To:
      - '{"endpoints":[{"url":"https:\/\/a.nel.cloudflare.com\/report\/v4?s=VHcGYNnzTT1kjiQkoIPgCtXQuGm0JfyU3eZcno5X5L76EpZiPExQYhbyeqAqVHenTkFpVFeWPvfvYxZSlFwnBMYlIcc5yOvACOBrI%2F%2FeXeYYCGixzEEbbezBkGODm%2FkHPMb68W%2BVVw%3D%3D"}],"group":"cf-nel","max_age":604800}'
      Server:
      - cloudflare
      Transfer-Encoding:
      - chunked
      cf-cache-status:
      - DYNAMIC
      server-timing:
      - cfL4;desc="?proto=TCP&rtt=22651&min_rtt=19838&rtt_var=5519&sent=15&recv=16&lost=0&retrans=0&sent_bytes=7315&recv_bytes=2261&delivery_rate=291289&cwnd=80&unsent_bytes=0&cid=d53445da77256161&ts=506&x=0"
    status:
      code: 200
      message: OK
- request:
    body: '{"method": "shards", "params": {"seqno": 19627951}, "jsonrpc": "2.0", "id":
      1}'
    headers:
      Content-Type:
      - application/json
    method: POST
    uri: https://testnet.toncenter.com/api/v2/jsonRPC
  response:
    body:
      string: '{"ok":true,"result":{"@type":"blocks.shards","shards":[{"@type":"ton.blockIdExt","workchain":0,"shard":"2305843009213693952","seqno":21086012,"root_hash":"PiUNEQNG1QUNljjBSxFSd2U7vmm0tACfQfOEQ7jACu0=","file_hash":"VfiHwimSMVRj5R9B9GkrTsJ5dBtiKbPpuNogmrHzhW0="},{"@type":"ton.blockIdExt","workchain":0,"shard":"6917529027641081856","seqno":21086023,"root_hash":"K6LSC45oMdXuUmUApP25Re9m8EYI+zuWAFGbwP6+T50=","file_hash":"J4Z5jgoJf56uqILd/B2SnGUWSCrKJOvNBInOm58Oawg="},{"@type":"ton.blockIdExt","workchain":0,"shard":"-6917529027641081856","seqno":21083297,"root_hash":"4Jph05piBtfRrzbk1D3t+xW3IGSP7q0OjYgP8QG8wVA=","file_hash":"89QtTN7Pba8QE/K3ASzy9UiTe9vZI9CkKbjv1WnOLX8="},{"@type":"ton.blockIdExt","workchain":0,"shard":"-2305843009213693952","seqno":21084226,"root_hash":"lv+CBu3KSKuC+5vauyYXY/MXpaf4z3IYkongN5jjdZM=","file_hash":"deyWRv8wlUxbZ+Q39eTCopr5lJoxPnVX4i/sE00lWCY="}],"@extra":"1737716392.6738393:11:0.9385047682988376"},"id":"1","jsonrpc":"2.0"}'
    headers:
      Access-Control-Allow-Headers:
      - User-Agent,Keep-Alive,Content-Type,X-API-Key,X-Ton-Client-Version
      Access-Control-Allow-Methods:
      - GET, POST, OPTIONS
      Access-Control-Allow-Origin:
      - '*'
      CF-RAY:
      - 906f83ff2bf1e8fc-LHR
      Connection:
      - keep-alive
      Content-Encoding:
      - gzip
      Content-Type:
      - application/json
      Date:
      - Fri, 24 Jan 2025 10:59:42 GMT
      NEL:
      - '{"success_fraction":0,"report_to":"cf-nel","max_age":604800}'
      Report-To:
      - '{"endpoints":[{"url":"https:\/\/a.nel.cloudflare.com\/report\/v4?s=j92T4e8bTXsVLZWAQ7gckZagmTgc0tTVj8VvSZCPKXZNYerwAHLfNjHd7enI6J9N4bfTFSztAv39vcIVl6EOuAAzZuN5oJ2f8cIUl9D2Tx%2BDbefX5ayo5S4qtmdeEFBpzuks3lfGpg%3D%3D"}],"group":"cf-nel","max_age":604800}'
      Server:
      - cloudflare
      Transfer-Encoding:
      - chunked
      cf-cache-status:
      - DYNAMIC
      server-timing:
      - cfL4;desc="?proto=TCP&rtt=32151&min_rtt=19926&rtt_var=17098&sent=8&recv=11&lost=0&retrans=0&sent_bytes=4366&recv_bytes=1474&delivery_rate=145337&cwnd=229&unsent_bytes=0&cid=852a3a37110d8d4e&ts=456&x=0"
    status:
      code: 200
      message: OK
- request:
    body: '{"method": "getBlockTransactions", "params": {"workchain": 0, "shard":
      "-2305843009213693952", "seqno": 21084226, "count": 1000}, "jsonrpc": "2.0",
      "id": 1}'
    headers:
      Content-Type:
      - application/json
    method: POST
    uri: https://testnet.toncenter.com/api/v2/jsonRPC
  response:
    body:
      string: '{"ok":true,"result":{"@type":"blocks.transactions","id":{"@type":"ton.blockIdExt","workchain":0,"shard":"-2305843009213693952","seqno":21084226,"root_hash":"lv+CBu3KSKuC+5vauyYXY/MXpaf4z3IYkongN5jjdZM=","file_hash":"deyWRv8wlUxbZ+Q39eTCopr5lJoxPnVX4i/sE00lWCY="},"req_count":1000,"incomplete":false,"transactions":[{"@type":"blocks.shortTxId","mode":135,"account":"0:f7dd23301cf73961c5a2adfc5e6821923c6819762af65fd32c9af93455bb745b","lt":"22081059000001","hash":"FT1lZcFBL2rR3KYtz6m9nWTegS76u4kudfr+4stIxoU="}],"@extra":"1737716392.8158593:11:0.280290834315988"},"id":"1","jsonrpc":"2.0"}'
    headers:
      Access-Control-Allow-Headers:
      - User-Agent,Keep-Alive,Content-Type,X-API-Key,X-Ton-Client-Version
      Access-Control-Allow-Methods:
      - GET, POST, OPTIONS
      Access-Control-Allow-Origin:
      - '*'
      CF-RAY:
      - 906f84001e73e8fc-LHR
      Connection:
      - keep-alive
      Content-Encoding:
      - gzip
      Content-Type:
      - application/json
      Date:
      - Fri, 24 Jan 2025 10:59:42 GMT
      NEL:
      - '{"success_fraction":0,"report_to":"cf-nel","max_age":604800}'
      Report-To:
      - '{"endpoints":[{"url":"https:\/\/a.nel.cloudflare.com\/report\/v4?s=evVM7b3sClS662LCHPdGWwlDDNYQUPAbkalBMLgcHIdhBuKPsEyGeB9Dpz0WvPudDQDxR5T43m6lMdUCWrqinM8Aj394VeZqYORLC645z89hVrm6OGiVXMB%2FDrJOH9o8RL5SiZbocQ%3D%3D"}],"group":"cf-nel","max_age":604800}'
      Server:
      - cloudflare
      Transfer-Encoding:
      - chunked
      cf-cache-status:
      - DYNAMIC
      server-timing:
      - cfL4;desc="?proto=TCP&rtt=30475&min_rtt=18613&rtt_var=16175&sent=11&recv=14&lost=0&retrans=0&sent_bytes=5975&recv_bytes=1952&delivery_rate=154469&cwnd=231&unsent_bytes=0&cid=852a3a37110d8d4e&ts=596&x=0"
    status:
      code: 200
      message: OK
- request:
    body: '{"method": "getBlockTransactions", "params": {"workchain": 0, "shard":
      "-6917529027641081856", "seqno": 21083297, "count": 1000}, "jsonrpc": "2.0",
      "id": 1}'
    headers:
      Content-Type:
      - application/json
    method: POST
    uri: https://testnet.toncenter.com/api/v2/jsonRPC
  response:
    body:
      string: '{"ok":true,"result":{"@type":"blocks.transactions","id":{"@type":"ton.blockIdExt","workchain":0,"shard":"-6917529027641081856","seqno":21083297,"root_hash":"4Jph05piBtfRrzbk1D3t+xW3IGSP7q0OjYgP8QG8wVA=","file_hash":"89QtTN7Pba8QE/K3ASzy9UiTe9vZI9CkKbjv1WnOLX8="},"req_count":1000,"incomplete":false,"transactions":[{"@type":"blocks.shortTxId","mode":135,"account":"0:9d9f251794a2c834c8a79a6a83ef6206e19f59c72769132f0ba9bfb5335fd69f","lt":"22081058000001","hash":"uPF7WlEAlECfCebIyKEZLk3LRwMVQgF0XDu7qC9uSLo="}],"@extra":"1737716392.8160253:11:0.6544097611438286"},"id":"1","jsonrpc":"2.0"}'
    headers:
      Access-Control-Allow-Headers:
      - User-Agent,Keep-Alive,Content-Type,X-API-Key,X-Ton-Client-Version
      Access-Control-Allow-Methods:
      - GET, POST, OPTIONS
      Access-Control-Allow-Origin:
      - '*'
      CF-RAY:
      - 906f84002f35a67c-LHR
      Connection:
      - keep-alive
      Content-Encoding:
      - gzip
      Content-Type:
      - application/json
      Date:
      - Fri, 24 Jan 2025 10:59:42 GMT
      NEL:
      - '{"success_fraction":0,"report_to":"cf-nel","max_age":604800}'
      Report-To:
      - '{"endpoints":[{"url":"https:\/\/a.nel.cloudflare.com\/report\/v4?s=g8uazsAFzLG%2FbGlVZWSYbzEdg4G%2FOCp27byqCUet4bnHhUqr8iWz1mpUZu%2BXTmohI4Gk0uMJ6byln77vGzkzHMRJp6xdT%2F%2BMc4Yq8yoKo7YkLWPDcyINh1qftqq6c%2BYmjegKZQg06w%3D%3D"}],"group":"cf-nel","max_age":604800}'
      Server:
      - cloudflare
      Transfer-Encoding:
      - chunked
      cf-cache-status:
      - DYNAMIC
      server-timing:
      - cfL4;desc="?proto=TCP&rtt=27261&min_rtt=19838&rtt_var=13329&sent=19&recv=20&lost=0&retrans=0&sent_bytes=8799&recv_bytes=2739&delivery_rate=291289&cwnd=80&unsent_bytes=0&cid=d53445da77256161&ts=790&x=0"
    status:
      code: 200
      message: OK
- request:
    body: '{"method": "getBlockTransactions", "params": {"workchain": 0, "shard":
      "6917529027641081856", "seqno": 21086023, "count": 1000}, "jsonrpc": "2.0",
      "id": 1}'
    headers:
      Content-Type:
      - application/json
    method: POST
    uri: https://testnet.toncenter.com/api/v2/jsonRPC
  response:
    body:
      string: '{"ok":true,"result":{"@type":"blocks.transactions","id":{"@type":"ton.blockIdExt","workchain":0,"shard":"6917529027641081856","seqno":21086023,"root_hash":"K6LSC45oMdXuUmUApP25Re9m8EYI+zuWAFGbwP6+T50=","file_hash":"J4Z5jgoJf56uqILd/B2SnGUWSCrKJOvNBInOm58Oawg="},"req_count":1000,"incomplete":false,"transactions":[],"@extra":"1737716392.8172984:11:0.699975234850159"},"id":"1","jsonrpc":"2.0"}'
    headers:
      Access-Control-Allow-Headers:
      - User-Agent,Keep-Alive,Content-Type,X-API-Key,X-Ton-Client-Version
      Access-Control-Allow-Methods:
      - GET, POST, OPTIONS
      Access-Control-Allow-Origin:
      - '*'
      CF-RAY:
      - 906f84002d26f03d-LHR
      Connection:
      - keep-alive
      Content-Encoding:
      - gzip
      Content-Type:
      - application/json
      Date:
      - Fri, 24 Jan 2025 10:59:42 GMT
      NEL:
      - '{"success_fraction":0,"report_to":"cf-nel","max_age":604800}'
      Report-To:
      - '{"endpoints":[{"url":"https:\/\/a.nel.cloudflare.com\/report\/v4?s=JlwG4MDC5brxHQAG1w%2FqLLdwq%2FJY5Iyi%2FN4fPNAXdcKNCfY32wj%2Bd%2Be9TEEiphxVFRYzfROhvwjLNfvs%2F9B5Wk8plQZ%2Ff%2FNorUREuuBUqVkcMoJb2GVuV6SagerFZhSwLH6nBG7Gcw%3D%3D"}],"group":"cf-nel","max_age":604800}'
      Server:
      - cloudflare
      Transfer-Encoding:
      - chunked
      cf-cache-status:
      - DYNAMIC
      server-timing:
      - cfL4;desc="?proto=TCP&rtt=27233&min_rtt=18101&rtt_var=15682&sent=8&recv=11&lost=0&retrans=0&sent_bytes=4366&recv_bytes=1552&delivery_rate=159991&cwnd=140&unsent_bytes=0&cid=f32fba6057c55b42&ts=604&x=0"
    status:
      code: 200
      message: OK
- request:
    body: '{"method": "getBlockTransactions", "params": {"workchain": 0, "shard":
      "2305843009213693952", "seqno": 21086012, "count": 1000}, "jsonrpc": "2.0",
      "id": 1}'
    headers:
      Content-Type:
      - application/json
    method: POST
    uri: https://testnet.toncenter.com/api/v2/jsonRPC
  response:
    body:
      string: '{"ok":true,"result":{"@type":"blocks.transactions","id":{"@type":"ton.blockIdExt","workchain":0,"shard":"2305843009213693952","seqno":21086012,"root_hash":"PiUNEQNG1QUNljjBSxFSd2U7vmm0tACfQfOEQ7jACu0=","file_hash":"VfiHwimSMVRj5R9B9GkrTsJ5dBtiKbPpuNogmrHzhW0="},"req_count":1000,"incomplete":false,"transactions":[{"@type":"blocks.shortTxId","mode":135,"account":"0:3f622ed141046c59858c6dbca2c3824c3b630f9c42ea3b231840aa795011c51d","lt":"22081058000001","hash":"8vIfh8wKY2Ria04+G8JPbw5jo5yVuWaC7BEAY0x7/vg="}],"@extra":"1737716392.8876536:2:0.38343294539337125"},"id":"1","jsonrpc":"2.0"}'
    headers:
      Access-Control-Allow-Headers:
      - User-Agent,Keep-Alive,Content-Type,X-API-Key,X-Ton-Client-Version
      Access-Control-Allow-Methods:
      - GET, POST, OPTIONS
      Access-Control-Allow-Origin:
      - '*'
      CF-RAY:
      - 906f84001d4e4142-LHR
      Connection:
      - keep-alive
      Content-Encoding:
      - gzip
      Content-Type:
      - application/json
      Date:
      - Fri, 24 Jan 2025 10:59:42 GMT
      NEL:
      - '{"success_fraction":0,"report_to":"cf-nel","max_age":604800}'
      Report-To:
      - '{"endpoints":[{"url":"https:\/\/a.nel.cloudflare.com\/report\/v4?s=jGH3rqz3e3FWcA1a3c9KWf8vJhY3YRCAwL2cAx3Q5ILsPlDxCZk1%2FqJOp1ocNcpG65X%2FTANE0BS2pSPteK1B0mMFYXckURK3B1wNs3I4U4bzbZB5cHaoBL9SV3Xypk8Ed9JC6lzehw%3D%3D"}],"group":"cf-nel","max_age":604800}'
      Server:
      - cloudflare
      Transfer-Encoding:
      - chunked
      cf-cache-status:
      - DYNAMIC
      server-timing:
      - cfL4;desc="?proto=TCP&rtt=22361&min_rtt=18903&rtt_var=6540&sent=8&recv=11&lost=0&retrans=0&sent_bytes=4215&recv_bytes=1551&delivery_rate=199604&cwnd=254&unsent_bytes=0&cid=70d63976874983f6&ts=649&x=0"
    status:
      code: 200
      message: OK
- request:
    body: '{"method": "getMasterchainInfo", "params": {}, "jsonrpc": "2.0", "id":
      1}'
    headers:
      Content-Type:
      - application/json
    method: POST
    uri: https://testnet.toncenter.com/api/v2/jsonRPC
  response:
    body:
      string: '{"ok":true,"result":{"@type":"blocks.masterchainInfo","last":{"@type":"ton.blockIdExt","workchain":-1,"shard":"-9223372036854775808","seqno":27414836,"root_hash":"dhy9MRvkFFF/cH3lrdyU0Ml/w1vPluBLQkIUCeDptzc=","file_hash":"ncJzxjhCJznyRWlzgKmaL8fU7RkRtHbxmohR4nXkjNY="},"state_root_hash":"b0KCynz6AYXn58PVCDfRRTngOSkz3BP//uBsFT+nnvs=","init":{"@type":"ton.blockIdExt","workchain":-1,"shard":"0","seqno":0,"root_hash":"gj+B8wb/AmlPk1z1AhVI484rhrUpgSr2oSFIh56VoSg=","file_hash":"Z+IKwYS54DmmJmesw/nAD5DzWadnOCMzee+kdgSYDOg="},"@extra":"1737716392.9166176:12:0.9779105282182969"},"id":"1","jsonrpc":"2.0"}'
    headers:
      Access-Control-Allow-Headers:
      - User-Agent,Keep-Alive,Content-Type,X-API-Key,X-Ton-Client-Version
      Access-Control-Allow-Methods:
      - GET, POST, OPTIONS
      Access-Control-Allow-Origin:
      - '*'
      CF-RAY:
      - 906f8401e9fbe8fc-LHR
      Connection:
      - keep-alive
      Content-Encoding:
      - gzip
      Content-Type:
      - application/json
      Date:
      - Fri, 24 Jan 2025 10:59:43 GMT
      NEL:
      - '{"success_fraction":0,"report_to":"cf-nel","max_age":604800}'
      Report-To:
      - '{"endpoints":[{"url":"https:\/\/a.nel.cloudflare.com\/report\/v4?s=RZGSL7CnXdUQiTqk8DDfQ8TtFKoX9ktAxvSvy%2Bpav%2FZPyDXhv3GEEU9lWAd1t7xK%2FPYVaqchWePqe%2Fd6vnVbeKNGt1kkiSfJIA%2BLjR0BpCz8%2BjzZtvVeVtaL7MOhRIcJdlbuopCofA%3D%3D"}],"group":"cf-nel","max_age":604800}'
      Server:
      - cloudflare
      Transfer-Encoding:
      - chunked
      cf-cache-status:
      - DYNAMIC
      server-timing:
      - cfL4;desc="?proto=TCP&rtt=29025&min_rtt=18613&rtt_var=15032&sent=15&recv=17&lost=0&retrans=0&sent_bytes=7485&recv_bytes=2346&delivery_rate=230206&cwnd=231&unsent_bytes=0&cid=852a3a37110d8d4e&ts=797&x=0"
    status:
      code: 200
      message: OK
- request:
    body: '{"method": "shards", "params": {"seqno": 19627952}, "jsonrpc": "2.0", "id":
      1}'
    headers:
      Content-Type:
      - application/json
    method: POST
    uri: https://testnet.toncenter.com/api/v2/jsonRPC
  response:
    body:
      string: '{"ok":true,"result":{"@type":"blocks.shards","shards":[{"@type":"ton.blockIdExt","workchain":0,"shard":"2305843009213693952","seqno":21086013,"root_hash":"/+rGKQc6bHpnsLtMnP7T5DnXtbjylLLohlpngoXp/Z0=","file_hash":"Hrsw6TFBRWxUGaOY4VnoMQEMk9w5WevRbHkV3ZU7ICg="},{"@type":"ton.blockIdExt","workchain":0,"shard":"6917529027641081856","seqno":21086024,"root_hash":"+CYYaN6jSxjk4Aia6fjeuLTJC5FpMia2A7KWs4ekI1c=","file_hash":"BcdcWS1hEUqqesMAAO9BuIILU2fwradxtal1+04Qh0w="},{"@type":"ton.blockIdExt","workchain":0,"shard":"-6917529027641081856","seqno":21083298,"root_hash":"Ke/RzcvyPdDWtjOYgoR70VkAu052r4K+sKCmU88b8cg=","file_hash":"UkKAHYL6ExOe9P/2HSnK0RrIW32kyjXE9tXYWCOqh4o="},{"@type":"ton.blockIdExt","workchain":0,"shard":"-2305843009213693952","seqno":21084227,"root_hash":"7t6tWCDAQkobyMKm8w58Ps7u0IiLXBLb2/Y9qNGs64Q=","file_hash":"1PDK7qQc4AeFAY28XDa9CJnkEy8Ya1VFoRXnJIArvx8="}],"@extra":"1737716393.1092002:2:0.425503243495036"},"id":"1","jsonrpc":"2.0"}'
    headers:
      Access-Control-Allow-Headers:
      - User-Agent,Keep-Alive,Content-Type,X-API-Key,X-Ton-Client-Version
      Access-Control-Allow-Methods:
      - GET, POST, OPTIONS
      Access-Control-Allow-Origin:
      - '*'
      CF-RAY:
      - 906f84023b64a67c-LHR
      Connection:
      - keep-alive
      Content-Encoding:
      - gzip
      Content-Type:
      - application/json
      Date:
      - Fri, 24 Jan 2025 10:59:43 GMT
      NEL:
      - '{"success_fraction":0,"report_to":"cf-nel","max_age":604800}'
      Report-To:
      - '{"endpoints":[{"url":"https:\/\/a.nel.cloudflare.com\/report\/v4?s=LhuVP4cPx4J4xK1EUAkXdxvRjo9Kix1NhNmvVrHFOYleCVJ5n4z7WDuOZ32ukVTT1thv%2BtSUe8JEQYryX4iwcZ5SMTOl4PxGg7%2BFh%2Bc5kD7K65lVTVD52tspWp71P3isM6mlJbYAfQ%3D%3D"}],"group":"cf-nel","max_age":604800}'
      Server:
      - cloudflare
      Transfer-Encoding:
      - chunked
      cf-cache-status:
      - DYNAMIC
      server-timing:
      - cfL4;desc="?proto=TCP&rtt=26043&min_rtt=17447&rtt_var=12431&sent=23&recv=23&lost=0&retrans=0&sent_bytes=10313&recv_bytes=3138&delivery_rate=291289&cwnd=80&unsent_bytes=0&cid=d53445da77256161&ts=1058&x=0"
    status:
      code: 200
      message: OK
- request:
    body: '{"method": "getBlockTransactions", "params": {"workchain": 0, "shard":
      "2305843009213693952", "seqno": 21086013, "count": 1000}, "jsonrpc": "2.0",
      "id": 1}'
    headers:
      Content-Type:
      - application/json
    method: POST
    uri: https://testnet.toncenter.com/api/v2/jsonRPC
  response:
    body:
      string: '{"ok":true,"result":{"@type":"blocks.transactions","id":{"@type":"ton.blockIdExt","workchain":0,"shard":"2305843009213693952","seqno":21086013,"root_hash":"/+rGKQc6bHpnsLtMnP7T5DnXtbjylLLohlpngoXp/Z0=","file_hash":"Hrsw6TFBRWxUGaOY4VnoMQEMk9w5WevRbHkV3ZU7ICg="},"req_count":1000,"incomplete":false,"transactions":[],"@extra":"1737716393.1713111:2:0.7015821544998958"},"id":"1","jsonrpc":"2.0"}'
    headers:
      Access-Control-Allow-Headers:
      - User-Agent,Keep-Alive,Content-Type,X-API-Key,X-Ton-Client-Version
      Access-Control-Allow-Methods:
      - GET, POST, OPTIONS
      Access-Control-Allow-Origin:
      - '*'
      CF-RAY:
      - 906f8402ab95f03d-LHR
      Connection:
      - keep-alive
      Content-Encoding:
      - gzip
      Content-Type:
      - application/json
      Date:
      - Fri, 24 Jan 2025 10:59:43 GMT
      NEL:
      - '{"success_fraction":0,"report_to":"cf-nel","max_age":604800}'
      Report-To:
      - '{"endpoints":[{"url":"https:\/\/a.nel.cloudflare.com\/report\/v4?s=gUk%2FNyEom8PDhYOthByq0tvyAJXEQVLbRUVr%2FQLri2ftlq5LWu0QUr8mL%2F8354qUceQSnuS1NpsYMyEEHcfRtUHELymtvADAqFz%2FsZuLMk%2BLap2V4iKIzbu3a9HMppgp4ax581Y7Rg%3D%3D"}],"group":"cf-nel","max_age":604800}'
      Server:
      - cloudflare
      Transfer-Encoding:
      - chunked
      cf-cache-status:
      - DYNAMIC
      server-timing:
      - cfL4;desc="?proto=TCP&rtt=24843&min_rtt=17027&rtt_var=12963&sent=11&recv=15&lost=0&retrans=0&sent_bytes=5732&recv_bytes=2029&delivery_rate=169763&cwnd=142&unsent_bytes=0&cid=f32fba6057c55b42&ts=933&x=0"
    status:
      code: 200
      message: OK
- request:
    body: '{"method": "getBlockTransactions", "params": {"workchain": 0, "shard":
      "6917529027641081856", "seqno": 21086024, "count": 1000}, "jsonrpc": "2.0",
      "id": 1}'
    headers:
      Content-Type:
      - application/json
    method: POST
    uri: https://testnet.toncenter.com/api/v2/jsonRPC
  response:
    body:
      string: '{"ok":true,"result":{"@type":"blocks.transactions","id":{"@type":"ton.blockIdExt","workchain":0,"shard":"6917529027641081856","seqno":21086024,"root_hash":"+CYYaN6jSxjk4Aia6fjeuLTJC5FpMia2A7KWs4ekI1c=","file_hash":"BcdcWS1hEUqqesMAAO9BuIILU2fwradxtal1+04Qh0w="},"req_count":1000,"incomplete":false,"transactions":[{"@type":"blocks.shortTxId","mode":135,"account":"0:65ab60c99aa340d5d86dad5eaf9336e4f8ed5f583b8bc5289698bf5a22cc26aa","lt":"22081059000001","hash":"jxP0qffivNEbR1SVgG2jZ5ds+Hk/aUKW0rmY0/Jso9Q="}],"@extra":"1737716393.1749876:2:0.6455992463018845"},"id":"1","jsonrpc":"2.0"}'
    headers:
      Access-Control-Allow-Headers:
      - User-Agent,Keep-Alive,Content-Type,X-API-Key,X-Ton-Client-Version
      Access-Control-Allow-Methods:
      - GET, POST, OPTIONS
      Access-Control-Allow-Origin:
      - '*'
      CF-RAY:
      - 906f8402aff44142-LHR
      Connection:
      - keep-alive
      Content-Encoding:
      - gzip
      Content-Type:
      - application/json
      Date:
      - Fri, 24 Jan 2025 10:59:43 GMT
      NEL:
      - '{"success_fraction":0,"report_to":"cf-nel","max_age":604800}'
      Report-To:
      - '{"endpoints":[{"url":"https:\/\/a.nel.cloudflare.com\/report\/v4?s=mYUn2H3TxJYZ3nvKnOTwLUwzFN14FkQhdEFZBwOVjGaDuG%2FWA3TqF5mwaxf6HRdi%2FNQOmciZGJ6gMCc%2Bb%2B0tgVgKFsWqjQrkvLlMQzR%2FS7CVlGrh6SiRcqM6KI3XA2HnkjWRE2D2YA%3D%3D"}],"group":"cf-nel","max_age":604800}'
      Server:
      - cloudflare
      Transfer-Encoding:
      - chunked
      cf-cache-status:
      - DYNAMIC
      server-timing:
      - cfL4;desc="?proto=TCP&rtt=22095&min_rtt=18903&rtt_var=5437&sent=11&recv=14&lost=0&retrans=0&sent_bytes=5716&recv_bytes=2028&delivery_rate=199604&cwnd=256&unsent_bytes=0&cid=70d63976874983f6&ts=937&x=0"
    status:
      code: 200
      message: OK
- request:
    body: '{"method": "getBlockTransactions", "params": {"workchain": 0, "shard":
      "-2305843009213693952", "seqno": 21084227, "count": 1000}, "jsonrpc": "2.0",
      "id": 1}'
    headers:
      Content-Type:
      - application/json
    method: POST
    uri: https://testnet.toncenter.com/api/v2/jsonRPC
  response:
    body:
      string: '{"ok":true,"result":{"@type":"blocks.transactions","id":{"@type":"ton.blockIdExt","workchain":0,"shard":"-2305843009213693952","seqno":21084227,"root_hash":"7t6tWCDAQkobyMKm8w58Ps7u0IiLXBLb2/Y9qNGs64Q=","file_hash":"1PDK7qQc4AeFAY28XDa9CJnkEy8Ya1VFoRXnJIArvx8="},"req_count":1000,"incomplete":false,"transactions":[],"@extra":"1737716393.2078488:11:0.5006582413962408"},"id":"1","jsonrpc":"2.0"}'
    headers:
      Access-Control-Allow-Headers:
      - User-Agent,Keep-Alive,Content-Type,X-API-Key,X-Ton-Client-Version
      Access-Control-Allow-Methods:
      - GET, POST, OPTIONS
      Access-Control-Allow-Origin:
      - '*'
      CF-RAY:
      - 906f8402ac42a67c-LHR
      Connection:
      - keep-alive
      Content-Encoding:
      - gzip
      Content-Type:
      - application/json
      Date:
      - Fri, 24 Jan 2025 10:59:43 GMT
      NEL:
      - '{"success_fraction":0,"report_to":"cf-nel","max_age":604800}'
      Report-To:
      - '{"endpoints":[{"url":"https:\/\/a.nel.cloudflare.com\/report\/v4?s=0DRDBUYDNk9Ij8rOl%2FZiQScYDcDlMxYgFTkzCDq%2FC4AtHSEXStypBGGBeoHvYq0XuBxB5twVZ%2B3amnbQVecD452Ub7%2BC%2F523w8sRVfs5NRgGT4CoSA%2FzXPC6Br1ZP3Lb9eQskkNFvw%3D%3D"}],"group":"cf-nel","max_age":604800}'
      Server:
      - cloudflare
      Transfer-Encoding:
      - chunked
      cf-cache-status:
      - DYNAMIC
      server-timing:
      - cfL4;desc="?proto=TCP&rtt=25739&min_rtt=17447&rtt_var=9932&sent=27&recv=26&lost=0&retrans=0&sent_bytes=11924&recv_bytes=3616&delivery_rate=291289&cwnd=80&unsent_bytes=0&cid=d53445da77256161&ts=1182&x=0"
    status:
      code: 200
      message: OK
- request:
    body: '{"method": "getBlockTransactions", "params": {"workchain": 0, "shard":
      "-6917529027641081856", "seqno": 21083298, "count": 1000}, "jsonrpc": "2.0",
      "id": 1}'
    headers:
      Content-Type:
      - application/json
    method: POST
    uri: https://testnet.toncenter.com/api/v2/jsonRPC
  response:
    body:
      string: '{"ok":true,"result":{"@type":"blocks.transactions","id":{"@type":"ton.blockIdExt","workchain":0,"shard":"-6917529027641081856","seqno":21083298,"root_hash":"Ke/RzcvyPdDWtjOYgoR70VkAu052r4K+sKCmU88b8cg=","file_hash":"UkKAHYL6ExOe9P/2HSnK0RrIW32kyjXE9tXYWCOqh4o="},"req_count":1000,"incomplete":false,"transactions":[],"@extra":"1737716393.2262855:11:0.008392323654359157"},"id":"1","jsonrpc":"2.0"}'
    headers:
      Access-Control-Allow-Headers:
      - User-Agent,Keep-Alive,Content-Type,X-API-Key,X-Ton-Client-Version
      Access-Control-Allow-Methods:
      - GET, POST, OPTIONS
      Access-Control-Allow-Origin:
      - '*'
      CF-RAY:
      - 906f8402abe5e8fc-LHR
      Connection:
      - keep-alive
      Content-Encoding:
      - gzip
      Content-Type:
      - application/json
      Date:
      - Fri, 24 Jan 2025 10:59:43 GMT
      NEL:
      - '{"success_fraction":0,"report_to":"cf-nel","max_age":604800}'
      Report-To:
      - '{"endpoints":[{"url":"https:\/\/a.nel.cloudflare.com\/report\/v4?s=6RmBAJ4U1cquJ0Andbh%2BrcvlEwKSn4Mr0vRDRVw9jy21ZNCA0n2UDvEGSrUqHgTzLUbIvqyjqq4ufCT96lT3BcuChSQn7aftizNiEwscsQcuyQgpodpcjMfX7ysJe6YsxrjPnEL%2Bng%3D%3D"}],"group":"cf-nel","max_age":604800}'
      Server:
      - cloudflare
      Transfer-Encoding:
      - chunked
      cf-cache-status:
      - DYNAMIC
      server-timing:
      - cfL4;desc="?proto=TCP&rtt=27896&min_rtt=18613&rtt_var=13532&sent=18&recv=20&lost=0&retrans=0&sent_bytes=8978&recv_bytes=2824&delivery_rate=230206&cwnd=231&unsent_bytes=0&cid=852a3a37110d8d4e&ts=1006&x=0"
    status:
      code: 200
      message: OK
- request:
    body: '{"method": "getMasterchainInfo", "params": {}, "jsonrpc": "2.0", "id":
      1}'
    headers:
      Content-Type:
      - application/json
    method: POST
    uri: https://testnet.toncenter.com/api/v2/jsonRPC
  response:
    body:
      string: '{"ok":true,"result":{"@type":"blocks.masterchainInfo","last":{"@type":"ton.blockIdExt","workchain":-1,"shard":"-9223372036854775808","seqno":27414836,"root_hash":"dhy9MRvkFFF/cH3lrdyU0Ml/w1vPluBLQkIUCeDptzc=","file_hash":"ncJzxjhCJznyRWlzgKmaL8fU7RkRtHbxmohR4nXkjNY="},"state_root_hash":"b0KCynz6AYXn58PVCDfRRTngOSkz3BP//uBsFT+nnvs=","init":{"@type":"ton.blockIdExt","workchain":-1,"shard":"0","seqno":0,"root_hash":"gj+B8wb/AmlPk1z1AhVI484rhrUpgSr2oSFIh56VoSg=","file_hash":"Z+IKwYS54DmmJmesw/nAD5DzWadnOCMzee+kdgSYDOg="},"@extra":"1737716392.9166176:12:0.9779105282182969"},"id":"1","jsonrpc":"2.0"}'
    headers:
      Access-Control-Allow-Headers:
      - User-Agent,Keep-Alive,Content-Type,X-API-Key,X-Ton-Client-Version
      Access-Control-Allow-Methods:
      - GET, POST, OPTIONS
      Access-Control-Allow-Origin:
      - '*'
      CF-RAY:
      - 906f84042f5cf03d-LHR
      Connection:
      - keep-alive
      Content-Encoding:
      - gzip
      Content-Type:
      - application/json
      Date:
      - Fri, 24 Jan 2025 10:59:43 GMT
      NEL:
      - '{"success_fraction":0,"report_to":"cf-nel","max_age":604800}'
      Report-To:
      - '{"endpoints":[{"url":"https:\/\/a.nel.cloudflare.com\/report\/v4?s=%2Fc8t1EuS4AwF0JVbusv%2BykeHknn2RugGzN4u2N9UAwaeydLeHA75B8P8LMBwScWxYvGscqQNZTJoQ7QEL%2BT7B9z3V1KccOaZ13R6Vi3H7tRZWj%2F5uMre46kV53d8piIBEzz9hINm1A%3D%3D"}],"group":"cf-nel","max_age":604800}'
      Server:
      - cloudflare
      Transfer-Encoding:
      - chunked
      cf-cache-status:
      - DYNAMIC
      server-timing:
      - cfL4;desc="?proto=TCP&rtt=23917&min_rtt=17027&rtt_var=8898&sent=14&recv=19&lost=0&retrans=0&sent_bytes=7089&recv_bytes=2423&delivery_rate=169763&cwnd=143&unsent_bytes=0&cid=f32fba6057c55b42&ts=1163&x=0"
    status:
      code: 200
      message: OK
- request:
    body: '{"method": "shards", "params": {"seqno": 19627953}, "jsonrpc": "2.0", "id":
      1}'
    headers:
      Content-Type:
      - application/json
    method: POST
    uri: https://testnet.toncenter.com/api/v2/jsonRPC
  response:
    body:
      string: '{"ok":true,"result":{"@type":"blocks.shards","shards":[{"@type":"ton.blockIdExt","workchain":0,"shard":"2305843009213693952","seqno":21086014,"root_hash":"doHruA/E9ptkv8b/m3SIowYFlraWcgSuPm8tVJ+sPDk=","file_hash":"sxGe2bM5fpmNqVfa9AVFm2oMYiMlNxgs+F8VQTROzlI="},{"@type":"ton.blockIdExt","workchain":0,"shard":"6917529027641081856","seqno":21086025,"root_hash":"TcT7bSc6nnbeOD3z9TIELxi47YDhfNvZAsSBX9Hu8Jc=","file_hash":"a4X+l6Te1yIauiopgXIz/Eo8eelH71FajAa73WOrZZM="},{"@type":"ton.blockIdExt","workchain":0,"shard":"-6917529027641081856","seqno":21083299,"root_hash":"MeBJeZKZDNI5RXxb3bCN4GnSW0BNekLzgR/NMfpUvhY=","file_hash":"jXt6FIbvvDnb1b5+H/j0EWMqCD4BidjLXQoNZV8hWiQ="},{"@type":"ton.blockIdExt","workchain":0,"shard":"-2305843009213693952","seqno":21084228,"root_hash":"mS075KDLuTnFk7cU9E/n9pFJKUc7qynzE91Gzp7AIOg=","file_hash":"bg2pgpACXfiOfaMTgnF+ec4ceB/E4TrZVATI+3vgekE="}],"@extra":"1737716393.5191107:11:0.13737784008155152"},"id":"1","jsonrpc":"2.0"}'
    headers:
      Access-Control-Allow-Headers:
      - User-Agent,Keep-Alive,Content-Type,X-API-Key,X-Ton-Client-Version
      Access-Control-Allow-Methods:
      - GET, POST, OPTIONS
      Access-Control-Allow-Origin:
      - '*'
      CF-RAY:
      - 906f840479a74142-LHR
      Connection:
      - keep-alive
      Content-Encoding:
      - gzip
      Content-Type:
      - application/json
      Date:
      - Fri, 24 Jan 2025 10:59:43 GMT
      NEL:
      - '{"success_fraction":0,"report_to":"cf-nel","max_age":604800}'
      Report-To:
      - '{"endpoints":[{"url":"https:\/\/a.nel.cloudflare.com\/report\/v4?s=eahZP72LzgZlJUO3IiPVkkR5FlM%2Fn8dsb%2B2HqTapflzJZT78LMNnw6FtNHG%2F%2BxeyHhVkTPZXNcb6DPQOB1eYQQLL%2F9o8DQucmGp%2BIZl95W3yt9InmRUwj%2BJ54XFTSitPxiNxZRcOJg%3D%3D"}],"group":"cf-nel","max_age":604800}'
      Server:
      - cloudflare
      Transfer-Encoding:
      - chunked
      cf-cache-status:
      - DYNAMIC
      server-timing:
      - cfL4;desc="?proto=TCP&rtt=22231&min_rtt=18903&rtt_var=4351&sent=14&recv=17&lost=0&retrans=0&sent_bytes=7220&recv_bytes=2427&delivery_rate=199604&cwnd=256&unsent_bytes=0&cid=70d63976874983f6&ts=1306&x=0"
    status:
      code: 200
      message: OK
- request:
    body: '{"method": "getBlockTransactions", "params": {"workchain": 0, "shard":
      "-6917529027641081856", "seqno": 21083299, "count": 1000}, "jsonrpc": "2.0",
      "id": 1}'
    headers:
      Content-Type:
      - application/json
    method: POST
    uri: https://testnet.toncenter.com/api/v2/jsonRPC
  response:
    body:
      string: '{"ok":true,"result":{"@type":"blocks.transactions","id":{"@type":"ton.blockIdExt","workchain":0,"shard":"-6917529027641081856","seqno":21083299,"root_hash":"MeBJeZKZDNI5RXxb3bCN4GnSW0BNekLzgR/NMfpUvhY=","file_hash":"jXt6FIbvvDnb1b5+H/j0EWMqCD4BidjLXQoNZV8hWiQ="},"req_count":1000,"incomplete":false,"transactions":[{"@type":"blocks.shortTxId","mode":135,"account":"0:8ab4438cfb69f9c1e1ffd54900dff61dc8711e424892ae244ca90874672afee7","lt":"22081060000001","hash":"9hp9Uy7M7P9tj4Ch10IzQgdaaAVmY/W554w56begelA="},{"@type":"blocks.shortTxId","mode":135,"account":"0:8dea3e203bb0fff4e064590cbf0645b5a5e56a0348a4bdc4a009df728f5cb1bb","lt":"22081060000001","hash":"RNbWzFkummlwPXCoNFg3Y5CzQBZaLGMuVV5PsUN2lTg="},{"@type":"blocks.shortTxId","mode":135,"account":"0:8dea3e203bb0fff4e064590cbf0645b5a5e56a0348a4bdc4a009df728f5cb1bb","lt":"22081060000005","hash":"F5BSHGY0v3oPimS7bxLUeKH9glGMqoIeplljAhIW0NQ="},{"@type":"blocks.shortTxId","mode":135,"account":"0:a2840e7355255714bc0757f3a7ad131bd4c3143873fd07c7d7103fd272a0ce47","lt":"22081060000003","hash":"NVMLxskKXUwc1ItEmKMtZhVnoCFciw+4f4fCA45W+nE="}],"@extra":"1737715931.7358024:11:0.7896768512658471"},"id":"1","jsonrpc":"2.0"}'
    headers:
      Access-Control-Allow-Headers:
      - User-Agent,Keep-Alive,Content-Type,X-API-Key,X-Ton-Client-Version
      Access-Control-Allow-Methods:
      - GET, POST, OPTIONS
      Access-Control-Allow-Origin:
      - '*'
      CF-RAY:
      - 906f84056a3cf03d-LHR
      Connection:
      - keep-alive
      Content-Encoding:
      - gzip
      Content-Type:
      - application/json
      Date:
      - Fri, 24 Jan 2025 10:59:43 GMT
      NEL:
      - '{"success_fraction":0,"report_to":"cf-nel","max_age":604800}'
      Report-To:
      - '{"endpoints":[{"url":"https:\/\/a.nel.cloudflare.com\/report\/v4?s=7QqpxTHVPMdCpy0nmwLhHsFyGY3Ef3%2BIVvtl5Yqhd%2FIWJP1txTDOI3p7fO7f9R782hH7pCdHC3fVfjvGM029EP3dTfwASelj76kX0HX%2FPsIWkSVNIaUJwMHmRZ4bAOKBf9CBpShOTg%3D%3D"}],"group":"cf-nel","max_age":604800}'
      Server:
      - cloudflare
      Transfer-Encoding:
      - chunked
      cf-cache-status:
      - DYNAMIC
      server-timing:
      - cfL4;desc="?proto=TCP&rtt=23335&min_rtt=17027&rtt_var=7838&sent=18&recv=22&lost=0&retrans=0&sent_bytes=8578&recv_bytes=2901&delivery_rate=225556&cwnd=143&unsent_bytes=0&cid=f32fba6057c55b42&ts=1362&x=0"
    status:
      code: 200
      message: OK
- request:
    body: '{"method": "getBlockTransactions", "params": {"workchain": 0, "shard":
      "6917529027641081856", "seqno": 21086025, "count": 1000}, "jsonrpc": "2.0",
      "id": 1}'
    headers:
      Content-Type:
      - application/json
    method: POST
    uri: https://testnet.toncenter.com/api/v2/jsonRPC
  response:
    body:
      string: '{"ok":true,"result":{"@type":"blocks.transactions","id":{"@type":"ton.blockIdExt","workchain":0,"shard":"6917529027641081856","seqno":21086025,"root_hash":"TcT7bSc6nnbeOD3z9TIELxi47YDhfNvZAsSBX9Hu8Jc=","file_hash":"a4X+l6Te1yIauiopgXIz/Eo8eelH71FajAa73WOrZZM="},"req_count":1000,"incomplete":false,"transactions":[],"@extra":"1737715931.7289445:2:0.7497899415014873"},"id":"1","jsonrpc":"2.0"}'
    headers:
      Access-Control-Allow-Headers:
      - User-Agent,Keep-Alive,Content-Type,X-API-Key,X-Ton-Client-Version
      Access-Control-Allow-Methods:
      - GET, POST, OPTIONS
      Access-Control-Allow-Origin:
      - '*'
      CF-RAY:
      - 906f84056a58e8fc-LHR
      Connection:
      - keep-alive
      Content-Encoding:
      - gzip
      Content-Type:
      - application/json
      Date:
      - Fri, 24 Jan 2025 10:59:43 GMT
      NEL:
      - '{"success_fraction":0,"report_to":"cf-nel","max_age":604800}'
      Report-To:
      - '{"endpoints":[{"url":"https:\/\/a.nel.cloudflare.com\/report\/v4?s=3rl72Y%2Fw2x1i2icp4QaoZ3GySRj%2FbFvEDseOJpOKrEILQLnPri0SBltcTHnz750d1s%2Fmg%2FBF%2FlbczubAY3CtKbEOEkWZewWP1xvAbAMqATFehn6K4WtqCOELhsliqiNlnUNiY1XQSg%3D%3D"}],"group":"cf-nel","max_age":604800}'
      Server:
      - cloudflare
      Transfer-Encoding:
      - chunked
      cf-cache-status:
      - DYNAMIC
      server-timing:
      - cfL4;desc="?proto=TCP&rtt=26804&min_rtt=18613&rtt_var=12333&sent=21&recv=23&lost=0&retrans=0&sent_bytes=10334&recv_bytes=3301&delivery_rate=230206&cwnd=231&unsent_bytes=0&cid=852a3a37110d8d4e&ts=1355&x=0"
    status:
      code: 200
      message: OK
- request:
    body: '{"method": "getBlockTransactions", "params": {"workchain": 0, "shard":
      "2305843009213693952", "seqno": 21086014, "count": 1000}, "jsonrpc": "2.0",
      "id": 1}'
    headers:
      Content-Type:
      - application/json
    method: POST
    uri: https://testnet.toncenter.com/api/v2/jsonRPC
  response:
    body:
      string: '{"ok":true,"result":{"@type":"blocks.transactions","id":{"@type":"ton.blockIdExt","workchain":0,"shard":"2305843009213693952","seqno":21086014,"root_hash":"doHruA/E9ptkv8b/m3SIowYFlraWcgSuPm8tVJ+sPDk=","file_hash":"sxGe2bM5fpmNqVfa9AVFm2oMYiMlNxgs+F8VQTROzlI="},"req_count":1000,"incomplete":false,"transactions":[],"@extra":"1737716010.8951006:2:0.6777229613682028"},"id":"1","jsonrpc":"2.0"}'
    headers:
      Access-Control-Allow-Headers:
      - User-Agent,Keep-Alive,Content-Type,X-API-Key,X-Ton-Client-Version
      Access-Control-Allow-Methods:
      - GET, POST, OPTIONS
      Access-Control-Allow-Origin:
      - '*'
      CF-RAY:
      - 906f84056ad2a67c-LHR
      Connection:
      - keep-alive
      Content-Encoding:
      - gzip
      Content-Type:
      - application/json
      Date:
      - Fri, 24 Jan 2025 10:59:43 GMT
      NEL:
      - '{"success_fraction":0,"report_to":"cf-nel","max_age":604800}'
      Report-To:
      - '{"endpoints":[{"url":"https:\/\/a.nel.cloudflare.com\/report\/v4?s=RhQayuJozyYytPbM9PBmAPNW95GTtN4p4VXlABRkXgEz9vUtR3SQjIHEmqF%2FG9TqoJSksWq3HDm%2B%2BU1gvc9gm4YhRxzbrfVlPXVmnK8ldcf0Y%2F1zjHs%2BeGHKR6Y26LLdg0DlgQeDog%3D%3D"}],"group":"cf-nel","max_age":604800}'
      Server:
      - cloudflare
      Transfer-Encoding:
      - chunked
      cf-cache-status:
      - DYNAMIC
      server-timing:
      - cfL4;desc="?proto=TCP&rtt=24756&min_rtt=17447&rtt_var=9414&sent=30&recv=29&lost=0&retrans=0&sent_bytes=13284&recv_bytes=4093&delivery_rate=291289&cwnd=80&unsent_bytes=0&cid=d53445da77256161&ts=1549&x=0"
    status:
      code: 200
      message: OK
- request:
    body: '{"method": "getBlockTransactions", "params": {"workchain": 0, "shard":
      "-2305843009213693952", "seqno": 21084228, "count": 1000}, "jsonrpc": "2.0",
      "id": 1}'
    headers:
      Content-Type:
      - application/json
    method: POST
    uri: https://testnet.toncenter.com/api/v2/jsonRPC
  response:
    body:
      string: '{"ok":true,"result":{"@type":"blocks.transactions","id":{"@type":"ton.blockIdExt","workchain":0,"shard":"-2305843009213693952","seqno":21084228,"root_hash":"mS075KDLuTnFk7cU9E/n9pFJKUc7qynzE91Gzp7AIOg=","file_hash":"bg2pgpACXfiOfaMTgnF+ec4ceB/E4TrZVATI+3vgekE="},"req_count":1000,"incomplete":false,"transactions":[],"@extra":"1737716009.5717156:11:0.05100440172740628"},"id":"1","jsonrpc":"2.0"}'
    headers:
      Access-Control-Allow-Headers:
      - User-Agent,Keep-Alive,Content-Type,X-API-Key,X-Ton-Client-Version
      Access-Control-Allow-Methods:
      - GET, POST, OPTIONS
      Access-Control-Allow-Origin:
      - '*'
      CF-RAY:
      - 906f84056aa64142-LHR
      Connection:
      - keep-alive
      Content-Encoding:
      - gzip
      Content-Type:
      - application/json
      Date:
      - Fri, 24 Jan 2025 10:59:43 GMT
      NEL:
      - '{"success_fraction":0,"report_to":"cf-nel","max_age":604800}'
      Report-To:
      - '{"endpoints":[{"url":"https:\/\/a.nel.cloudflare.com\/report\/v4?s=medPM22lJytp3P%2BuuW2RTI%2F5kbJjrP1Jg51y%2FiowTGZAuwn7FzJx%2F2XZcEkIryr8UAKWK8%2FdRdGkclpRQEjfp6hy3EPj2vCZ66AFwxo5O5ppUhjEXKis%2B6mV5jnAFEPMZlo%2BdB5M8g%3D%3D"}],"group":"cf-nel","max_age":604800}'
      Server:
      - cloudflare
      Transfer-Encoding:
      - chunked
      cf-cache-status:
      - DYNAMIC
      server-timing:
      - cfL4;desc="?proto=TCP&rtt=21569&min_rtt=16876&rtt_var=4381&sent=17&recv=20&lost=0&retrans=0&sent_bytes=8842&recv_bytes=2905&delivery_rate=199604&cwnd=256&unsent_bytes=0&cid=70d63976874983f6&ts=1364&x=0"
    status:
      code: 200
      message: OK
- request:
    body: '{"method": "getMasterchainInfo", "params": {}, "jsonrpc": "2.0", "id":
      1}'
    headers:
      Content-Type:
      - application/json
    method: POST
    uri: https://testnet.toncenter.com/api/v2/jsonRPC
  response:
    body:
      string: '{"ok":true,"result":{"@type":"blocks.masterchainInfo","last":{"@type":"ton.blockIdExt","workchain":-1,"shard":"-9223372036854775808","seqno":27414836,"root_hash":"dhy9MRvkFFF/cH3lrdyU0Ml/w1vPluBLQkIUCeDptzc=","file_hash":"ncJzxjhCJznyRWlzgKmaL8fU7RkRtHbxmohR4nXkjNY="},"state_root_hash":"b0KCynz6AYXn58PVCDfRRTngOSkz3BP//uBsFT+nnvs=","init":{"@type":"ton.blockIdExt","workchain":-1,"shard":"0","seqno":0,"root_hash":"gj+B8wb/AmlPk1z1AhVI484rhrUpgSr2oSFIh56VoSg=","file_hash":"Z+IKwYS54DmmJmesw/nAD5DzWadnOCMzee+kdgSYDOg="},"@extra":"1737716392.9166176:12:0.9779105282182969"},"id":"1","jsonrpc":"2.0"}'
    headers:
      Access-Control-Allow-Headers:
      - User-Agent,Keep-Alive,Content-Type,X-API-Key,X-Ton-Client-Version
      Access-Control-Allow-Methods:
      - GET, POST, OPTIONS
      Access-Control-Allow-Origin:
      - '*'
      CF-RAY:
      - 906f84065c42f03d-LHR
      Connection:
      - keep-alive
      Content-Encoding:
      - gzip
      Content-Type:
      - application/json
      Date:
      - Fri, 24 Jan 2025 10:59:43 GMT
      NEL:
      - '{"success_fraction":0,"report_to":"cf-nel","max_age":604800}'
      Report-To:
      - '{"endpoints":[{"url":"https:\/\/a.nel.cloudflare.com\/report\/v4?s=3%2FbuBxnTvcAcufiFf7QEce7cJlVdfUtQ8K49QX5JNH8%2Bo6L5lBq6s3KiDjDVcE%2BmPY%2BVgF67fePxJdIcRS%2FjUZi3PwLp6onTyqQ4OXOJkN3SOJoqR%2B%2BXwvkrS2T9VbvgSlFsd0C49Q%3D%3D"}],"group":"cf-nel","max_age":604800}'
      Server:
      - cloudflare
      Transfer-Encoding:
      - chunked
      cf-cache-status:
      - DYNAMIC
      server-timing:
      - cfL4;desc="?proto=TCP&rtt=22879&min_rtt=17027&rtt_var=6790&sent=22&recv=25&lost=0&retrans=0&sent_bytes=10302&recv_bytes=3295&delivery_rate=225556&cwnd=143&unsent_bytes=0&cid=f32fba6057c55b42&ts=1523&x=0"
    status:
      code: 200
      message: OK
- request:
    body: '{"method": "shards", "params": {"seqno": 19627954}, "jsonrpc": "2.0", "id":
      1}'
    headers:
      Content-Type:
      - application/json
    method: POST
    uri: https://testnet.toncenter.com/api/v2/jsonRPC
  response:
    body:
      string: '{"ok":true,"result":{"@type":"blocks.shards","shards":[{"@type":"ton.blockIdExt","workchain":0,"shard":"2305843009213693952","seqno":21086015,"root_hash":"JzLtF1IJ5DEisA2cQjQpEE9NmmWb1/LnSLWW24SeHmA=","file_hash":"roy3OGb8bFYf9VujkVL4cGeV6t8VCrN1OhSlYYOilNc="},{"@type":"ton.blockIdExt","workchain":0,"shard":"6917529027641081856","seqno":21086026,"root_hash":"m+N4jejFTd1XYWefjZWXDpzx+3WzQz2UZBBI99ET5T0=","file_hash":"d5iuVZSKEP1+khJRsRKS2+MwFfDAChjoTWACBmJ26H8="},{"@type":"ton.blockIdExt","workchain":0,"shard":"-6917529027641081856","seqno":21083300,"root_hash":"R//y9xbCL/7yLkD0OQ8QH2haiAgyLaTjp1gmuHoAXKQ=","file_hash":"oDulOFq0xWyyQaaTbyCLyTBVWlTr3ddl5NvYYnolFHc="},{"@type":"ton.blockIdExt","workchain":0,"shard":"-2305843009213693952","seqno":21084229,"root_hash":"5Xf3gVOU6qXwX5h0NEpuz/QWpr4hzWBLYAA2xm84jnA=","file_hash":"e+GlEcffxkbmsUXDFiQdZhj0XuiIS9C3/JmsJuzohmQ="}],"@extra":"1737716011.8131104:2:0.6444116156054591"},"id":"1","jsonrpc":"2.0"}'
    headers:
      Access-Control-Allow-Headers:
      - User-Agent,Keep-Alive,Content-Type,X-API-Key,X-Ton-Client-Version
      Access-Control-Allow-Methods:
      - GET, POST, OPTIONS
      Access-Control-Allow-Origin:
      - '*'
      CF-RAY:
      - 906f8406bdd7e8fc-LHR
      Connection:
      - keep-alive
      Content-Encoding:
      - gzip
      Content-Type:
      - application/json
      Date:
      - Fri, 24 Jan 2025 10:59:43 GMT
      NEL:
      - '{"success_fraction":0,"report_to":"cf-nel","max_age":604800}'
      Report-To:
      - '{"endpoints":[{"url":"https:\/\/a.nel.cloudflare.com\/report\/v4?s=c%2BzCJ2rQrZyGZy7wUiKY3Xoa2qIGQvFn5aLQ6V0%2Buqm2oKi0zWs2GEAWXvV0lxYoKWtrtc5pmgUD6vQgl56KisVhAZ89yIjJRulgvONFdudRSMMI00iBvhOhcuQnqnQvKhOvoTv8Bw%3D%3D"}],"group":"cf-nel","max_age":604800}'
      Server:
      - cloudflare
      Transfer-Encoding:
      - chunked
      cf-cache-status:
      - DYNAMIC
      server-timing:
      - cfL4;desc="?proto=TCP&rtt=25934&min_rtt=18613&rtt_var=10989&sent=24&recv=26&lost=0&retrans=0&sent_bytes=11692&recv_bytes=3700&delivery_rate=230206&cwnd=231&unsent_bytes=0&cid=852a3a37110d8d4e&ts=1565&x=0"
    status:
      code: 200
      message: OK
- request:
    body: '{"method": "getBlockTransactions", "params": {"workchain": 0, "shard":
      "6917529027641081856", "seqno": 21086026, "count": 1000}, "jsonrpc": "2.0",
      "id": 1}'
    headers:
      Content-Type:
      - application/json
    method: POST
    uri: https://testnet.toncenter.com/api/v2/jsonRPC
  response:
    body:
      string: '{"ok":true,"result":{"@type":"blocks.transactions","id":{"@type":"ton.blockIdExt","workchain":0,"shard":"6917529027641081856","seqno":21086026,"root_hash":"m+N4jejFTd1XYWefjZWXDpzx+3WzQz2UZBBI99ET5T0=","file_hash":"d5iuVZSKEP1+khJRsRKS2+MwFfDAChjoTWACBmJ26H8="},"req_count":1000,"incomplete":false,"transactions":[{"@type":"blocks.shortTxId","mode":135,"account":"0:56c3176748bd03eb085481eb05d7d6f2af6023a1cce9eb5c2722069281116749","lt":"22081061000001","hash":"f3F2zi9caQH/3lNinLBkl6nOFd9VOcKtFyMjUo2mxDo="}],"@extra":"1737716011.9553697:2:0.0026656733636457597"},"id":"1","jsonrpc":"2.0"}'
    headers:
      Access-Control-Allow-Headers:
      - User-Agent,Keep-Alive,Content-Type,X-API-Key,X-Ton-Client-Version
      Access-Control-Allow-Methods:
      - GET, POST, OPTIONS
      Access-Control-Allow-Origin:
      - '*'
      CF-RAY:
      - 906f84070c3f4142-LHR
      Connection:
      - keep-alive
      Content-Encoding:
      - gzip
      Content-Type:
      - application/json
      Date:
      - Fri, 24 Jan 2025 10:59:43 GMT
      NEL:
      - '{"success_fraction":0,"report_to":"cf-nel","max_age":604800}'
      Report-To:
      - '{"endpoints":[{"url":"https:\/\/a.nel.cloudflare.com\/report\/v4?s=rekqb33omxyh82P9Q91J8PqaIgE4QI6Y7LZF8XwQQIXvGq1iUhypt6Nq82EiTWKJUkCvKrtk4iEK6mMlOkIYrG0zMCSqe7GkpdzI24KUECqQa%2BsmDmos9mk%2FdpD5bimBMRTLOmrGWA%3D%3D"}],"group":"cf-nel","max_age":604800}'
      Server:
      - cloudflare
      Transfer-Encoding:
      - chunked
      cf-cache-status:
      - DYNAMIC
      server-timing:
      - cfL4;desc="?proto=TCP&rtt=21753&min_rtt=16876&rtt_var=3653&sent=20&recv=23&lost=0&retrans=0&sent_bytes=10238&recv_bytes=3382&delivery_rate=199604&cwnd=256&unsent_bytes=0&cid=70d63976874983f6&ts=1628&x=0"
    status:
      code: 200
      message: OK
- request:
    body: '{"method": "getBlockTransactions", "params": {"workchain": 0, "shard":
      "2305843009213693952", "seqno": 21086015, "count": 1000}, "jsonrpc": "2.0",
      "id": 1}'
    headers:
      Content-Type:
      - application/json
    method: POST
    uri: https://testnet.toncenter.com/api/v2/jsonRPC
  response:
    body:
      string: '{"ok":true,"result":{"@type":"blocks.transactions","id":{"@type":"ton.blockIdExt","workchain":0,"shard":"2305843009213693952","seqno":21086015,"root_hash":"JzLtF1IJ5DEisA2cQjQpEE9NmmWb1/LnSLWW24SeHmA=","file_hash":"roy3OGb8bFYf9VujkVL4cGeV6t8VCrN1OhSlYYOilNc="},"req_count":1000,"incomplete":false,"transactions":[],"@extra":"1737716012.0049176:11:0.5007571768342901"},"id":"1","jsonrpc":"2.0"}'
    headers:
      Access-Control-Allow-Headers:
      - User-Agent,Keep-Alive,Content-Type,X-API-Key,X-Ton-Client-Version
      Access-Control-Allow-Methods:
      - GET, POST, OPTIONS
      Access-Control-Allow-Origin:
      - '*'
      CF-RAY:
      - 906f84070e4ca67c-LHR
      Connection:
      - keep-alive
      Content-Encoding:
      - gzip
      Content-Type:
      - application/json
      Date:
      - Fri, 24 Jan 2025 10:59:43 GMT
      NEL:
      - '{"success_fraction":0,"report_to":"cf-nel","max_age":604800}'
      Report-To:
      - '{"endpoints":[{"url":"https:\/\/a.nel.cloudflare.com\/report\/v4?s=D2e1%2B%2Bha9LWbK5r%2B%2BW0w8Fpwmz1FpCJm%2BoWDL1I2CYOhHLPb5NbGBsJ24Jdc5Y%2BM1v4FuswCaJaBTlmtOvkbftO3TBkEBN7MXeYDCYpEK%2BVDwBfcNNBoQ6tzalfPN5U6huNDhYzEtQ%3D%3D"}],"group":"cf-nel","max_age":604800}'
      Server:
      - cloudflare
      Transfer-Encoding:
      - chunked
      cf-cache-status:
      - DYNAMIC
      server-timing:
      - cfL4;desc="?proto=TCP&rtt=24082&min_rtt=17447&rtt_var=8409&sent=33&recv=32&lost=0&retrans=0&sent_bytes=14641&recv_bytes=4570&delivery_rate=291289&cwnd=80&unsent_bytes=0&cid=d53445da77256161&ts=1820&x=0"
    status:
      code: 200
      message: OK
- request:
    body: '{"method": "getBlockTransactions", "params": {"workchain": 0, "shard":
      "-2305843009213693952", "seqno": 21084229, "count": 1000}, "jsonrpc": "2.0",
      "id": 1}'
    headers:
      Content-Type:
      - application/json
    method: POST
    uri: https://testnet.toncenter.com/api/v2/jsonRPC
  response:
    body:
      string: '{"ok":true,"result":{"@type":"blocks.transactions","id":{"@type":"ton.blockIdExt","workchain":0,"shard":"-2305843009213693952","seqno":21084229,"root_hash":"5Xf3gVOU6qXwX5h0NEpuz/QWpr4hzWBLYAA2xm84jnA=","file_hash":"e+GlEcffxkbmsUXDFiQdZhj0XuiIS9C3/JmsJuzohmQ="},"req_count":1000,"incomplete":false,"transactions":[],"@extra":"1737716393.8928926:2:0.5383315443964451"},"id":"1","jsonrpc":"2.0"}'
    headers:
      Access-Control-Allow-Headers:
      - User-Agent,Keep-Alive,Content-Type,X-API-Key,X-Ton-Client-Version
      Access-Control-Allow-Methods:
      - GET, POST, OPTIONS
      Access-Control-Allow-Origin:
      - '*'
      CF-RAY:
      - 906f84070e89e8fc-LHR
      Connection:
      - keep-alive
      Content-Encoding:
      - gzip
      Content-Type:
      - application/json
      Date:
      - Fri, 24 Jan 2025 10:59:43 GMT
      NEL:
      - '{"success_fraction":0,"report_to":"cf-nel","max_age":604800}'
      Report-To:
      - '{"endpoints":[{"url":"https:\/\/a.nel.cloudflare.com\/report\/v4?s=LU9vCg2CbMtBRGe5QB2p%2BrxgJzBilCtd0vkvsWoLJdLOfQIYxjJNUO2%2FPI0AQBAgB6iwulB0mhvKyWVQ1YQS8Og3xmeuO0OIMKwSe9%2Bg7AXQVSzvb6Y0wwLkCNtduzig%2B%2Bm8VWhmZQ%3D%3D"}],"group":"cf-nel","max_age":604800}'
      Server:
      - cloudflare
      Transfer-Encoding:
      - chunked
      cf-cache-status:
      - DYNAMIC
      server-timing:
      - cfL4;desc="?proto=TCP&rtt=24901&min_rtt=17436&rtt_var=10309&sent=27&recv=29&lost=0&retrans=0&sent_bytes=13306&recv_bytes=4178&delivery_rate=230206&cwnd=231&unsent_bytes=0&cid=852a3a37110d8d4e&ts=1647&x=0"
    status:
      code: 200
      message: OK
- request:
    body: '{"method": "getBlockTransactions", "params": {"workchain": 0, "shard":
      "-6917529027641081856", "seqno": 21083300, "count": 1000}, "jsonrpc": "2.0",
      "id": 1}'
    headers:
      Content-Type:
      - application/json
    method: POST
    uri: https://testnet.toncenter.com/api/v2/jsonRPC
  response:
    body:
      string: '{"ok":true,"result":{"@type":"blocks.transactions","id":{"@type":"ton.blockIdExt","workchain":0,"shard":"-6917529027641081856","seqno":21083300,"root_hash":"R//y9xbCL/7yLkD0OQ8QH2haiAgyLaTjp1gmuHoAXKQ=","file_hash":"oDulOFq0xWyyQaaTbyCLyTBVWlTr3ddl5NvYYnolFHc="},"req_count":1000,"incomplete":false,"transactions":[{"@type":"blocks.shortTxId","mode":135,"account":"0:86f14185d2e0226fc3d151541181ca5a15beee9dda2767d765c718f6bf0e1fb8","lt":"22081061000001","hash":"V6pu9pD6asmSh+f9RngjsjlFTZxtDjTlAfXE3rF5OWM="}],"@extra":"1737716393.9226558:11:0.4655533363369929"},"id":"1","jsonrpc":"2.0"}'
    headers:
      Access-Control-Allow-Headers:
      - User-Agent,Keep-Alive,Content-Type,X-API-Key,X-Ton-Client-Version
      Access-Control-Allow-Methods:
      - GET, POST, OPTIONS
      Access-Control-Allow-Origin:
      - '*'
      CF-RAY:
      - 906f84070daaf03d-LHR
      Connection:
      - keep-alive
      Content-Encoding:
      - gzip
      Content-Type:
      - application/json
      Date:
      - Fri, 24 Jan 2025 10:59:43 GMT
      NEL:
      - '{"success_fraction":0,"report_to":"cf-nel","max_age":604800}'
      Report-To:
      - '{"endpoints":[{"url":"https:\/\/a.nel.cloudflare.com\/report\/v4?s=KhLophleHqLc5OSAgfYysXkbqEvTGS1%2FJjjM9DDG0gLaDcsY91%2FolNYWovQyOEAIP8EoiTK8qxIdthiPJJRDbwKwDESPacNy6mQeLbVzBQc9M8ClR4Ax6nUUr6iFpHMZKZZtjusWng%3D%3D"}],"group":"cf-nel","max_age":604800}'
      Server:
      - cloudflare
      Transfer-Encoding:
      - chunked
      cf-cache-status:
      - DYNAMIC
      server-timing:
      - cfL4;desc="?proto=TCP&rtt=22435&min_rtt=17027&rtt_var=5982&sent=25&recv=28&lost=0&retrans=0&sent_bytes=11798&recv_bytes=3773&delivery_rate=225556&cwnd=143&unsent_bytes=0&cid=f32fba6057c55b42&ts=1711&x=0"
    status:
      code: 200
      message: OK
- request:
    body: '{"method": "getMasterchainInfo", "params": {}, "jsonrpc": "2.0", "id":
      1}'
    headers:
      Content-Type:
      - application/json
    method: POST
    uri: https://testnet.toncenter.com/api/v2/jsonRPC
  response:
    body:
      string: '{"ok":true,"result":{"@type":"blocks.masterchainInfo","last":{"@type":"ton.blockIdExt","workchain":-1,"shard":"-9223372036854775808","seqno":27414836,"root_hash":"dhy9MRvkFFF/cH3lrdyU0Ml/w1vPluBLQkIUCeDptzc=","file_hash":"ncJzxjhCJznyRWlzgKmaL8fU7RkRtHbxmohR4nXkjNY="},"state_root_hash":"b0KCynz6AYXn58PVCDfRRTngOSkz3BP//uBsFT+nnvs=","init":{"@type":"ton.blockIdExt","workchain":-1,"shard":"0","seqno":0,"root_hash":"gj+B8wb/AmlPk1z1AhVI484rhrUpgSr2oSFIh56VoSg=","file_hash":"Z+IKwYS54DmmJmesw/nAD5DzWadnOCMzee+kdgSYDOg="},"@extra":"1737716393.958783:12:0.9906546508138726"},"id":"1","jsonrpc":"2.0"}'
    headers:
      Access-Control-Allow-Headers:
      - User-Agent,Keep-Alive,Content-Type,X-API-Key,X-Ton-Client-Version
      Access-Control-Allow-Methods:
      - GET, POST, OPTIONS
      Access-Control-Allow-Origin:
      - '*'
      CF-RAY:
      - 906f84088d764142-LHR
      Connection:
      - keep-alive
      Content-Encoding:
      - gzip
      Content-Type:
      - application/json
      Date:
      - Fri, 24 Jan 2025 10:59:44 GMT
      NEL:
      - '{"success_fraction":0,"report_to":"cf-nel","max_age":604800}'
      Report-To:
      - '{"endpoints":[{"url":"https:\/\/a.nel.cloudflare.com\/report\/v4?s=C43VWSNiV7CKMXp0O1Pusd37hj0UJEsgbgsceNwI2EIRxA2rawLANeg31Fdtw%2FQxOSRSlLKWOJHAiZ%2FqZeWlotn83in1AC%2FsJ2bDx8bEU2PLDwWgyoQdzjkOzIuQ9UM2%2FeO449q1sw%3D%3D"}],"group":"cf-nel","max_age":604800}'
      Server:
      - cloudflare
      Transfer-Encoding:
      - chunked
      cf-cache-status:
      - DYNAMIC
      server-timing:
      - cfL4;desc="?proto=TCP&rtt=21186&min_rtt=16876&rtt_var=3681&sent=23&recv=26&lost=0&retrans=0&sent_bytes=11745&recv_bytes=3776&delivery_rate=199604&cwnd=256&unsent_bytes=0&cid=70d63976874983f6&ts=1866&x=0"
    status:
      code: 200
      message: OK
- request:
    body: '{"method": "shards", "params": {"seqno": 19627955}, "jsonrpc": "2.0", "id":
      1}'
    headers:
      Content-Type:
      - application/json
    method: POST
    uri: https://testnet.toncenter.com/api/v2/jsonRPC
  response:
    body:
      string: '{"ok":true,"result":{"@type":"blocks.shards","shards":[{"@type":"ton.blockIdExt","workchain":0,"shard":"2305843009213693952","seqno":21086016,"root_hash":"egEnQUe1xPkVXqf7bVt3Swu4dqJYsStYbn/U6HGRtLg=","file_hash":"T1p7vwrTpj9c2+2Cf8ViPXnKUxdW+lJjCQPv1adA/Uk="},{"@type":"ton.blockIdExt","workchain":0,"shard":"6917529027641081856","seqno":21086027,"root_hash":"jSVqqePfdt9G6XrX7wstpFlnSXW02Tn/jcbcHqr4S6o=","file_hash":"AL9uarQPVFr0LNhy3iqxOaWMFbYT2jtpFoMSv0V+2Rs="},{"@type":"ton.blockIdExt","workchain":0,"shard":"-6917529027641081856","seqno":21083301,"root_hash":"42kpQjhSFE00n6QasVrePSvZ/KrCNx5Hs0JXE+EUqkc=","file_hash":"mevp6RUDmhu3ibzdStubeK/E7OX0NH8I0pbIoCgdSmY="},{"@type":"ton.blockIdExt","workchain":0,"shard":"-2305843009213693952","seqno":21084230,"root_hash":"MFh2ZqD9czEXDdpVeIFCNM/+2gaNupQRSULE6wBlor8=","file_hash":"LDMmQ3uVr3dcD1Uqzozu6Jrs9nb4qy6GI6F5KPWk2gU="}],"@extra":"1737716394.2196403:11:0.43748346496516444"},"id":"1","jsonrpc":"2.0"}'
    headers:
      Access-Control-Allow-Headers:
      - User-Agent,Keep-Alive,Content-Type,X-API-Key,X-Ton-Client-Version
      Access-Control-Allow-Methods:
      - GET, POST, OPTIONS
      Access-Control-Allow-Origin:
      - '*'
      CF-RAY:
      - 906f8408eb24a67c-LHR
      Connection:
      - keep-alive
      Content-Encoding:
      - gzip
      Content-Type:
      - application/json
      Date:
      - Fri, 24 Jan 2025 10:59:44 GMT
      NEL:
      - '{"success_fraction":0,"report_to":"cf-nel","max_age":604800}'
      Report-To:
      - '{"endpoints":[{"url":"https:\/\/a.nel.cloudflare.com\/report\/v4?s=BOufksq%2BEeptDKEU4V%2BZi6QUKyrAXsNCIYpYvrc%2BdRp0B7N3IsaLmSKZGViRTGJII%2B3gNy57zoK1fjlxiIkTYbERk7YLIoiCIvFmielbmuxcMpxEgfXH2q6a5p4CMN3V8%2F0RIkE%2Fjg%3D%3D"}],"group":"cf-nel","max_age":604800}'
      Server:
      - cloudflare
      Transfer-Encoding:
      - chunked
      cf-cache-status:
      - DYNAMIC
      server-timing:
      - cfL4;desc="?proto=TCP&rtt=23502&min_rtt=17447&rtt_var=7467&sent=36&recv=35&lost=0&retrans=0&sent_bytes=16000&recv_bytes=4969&delivery_rate=291289&cwnd=80&unsent_bytes=0&cid=d53445da77256161&ts=2200&x=0"
    status:
      code: 200
      message: OK
- request:
    body: '{"method": "getBlockTransactions", "params": {"workchain": 0, "shard":
      "2305843009213693952", "seqno": 21086016, "count": 1000}, "jsonrpc": "2.0",
      "id": 1}'
    headers:
      Content-Type:
      - application/json
    method: POST
    uri: https://testnet.toncenter.com/api/v2/jsonRPC
  response:
    body:
      string: '{"ok":true,"result":{"@type":"blocks.transactions","id":{"@type":"ton.blockIdExt","workchain":0,"shard":"2305843009213693952","seqno":21086016,"root_hash":"egEnQUe1xPkVXqf7bVt3Swu4dqJYsStYbn/U6HGRtLg=","file_hash":"T1p7vwrTpj9c2+2Cf8ViPXnKUxdW+lJjCQPv1adA/Uk="},"req_count":1000,"incomplete":false,"transactions":[],"@extra":"1737716394.3625903:11:0.34584365135699124"},"id":"1","jsonrpc":"2.0"}'
    headers:
      Access-Control-Allow-Headers:
      - User-Agent,Keep-Alive,Content-Type,X-API-Key,X-Ton-Client-Version
      Access-Control-Allow-Methods:
      - GET, POST, OPTIONS
      Access-Control-Allow-Origin:
      - '*'
      CF-RAY:
      - 906f8409ccebe8fc-LHR
      Connection:
      - keep-alive
      Content-Encoding:
      - gzip
      Content-Type:
      - application/json
      Date:
      - Fri, 24 Jan 2025 10:59:44 GMT
      NEL:
      - '{"success_fraction":0,"report_to":"cf-nel","max_age":604800}'
      Report-To:
      - '{"endpoints":[{"url":"https:\/\/a.nel.cloudflare.com\/report\/v4?s=daIyWKNmTsOwT%2B24N4NbKf2h4dQsmJ6bhI%2Fu%2FXoLgztTSrFFIKibeRVulhweodWpbLvDKKcvLFOwEWjtsN1SOjwajM%2BSXV0U3fPZENIBiql1kCn9HQ0XSp0LxoiHifZ0OBey93no1w%3D%3D"}],"group":"cf-nel","max_age":604800}'
      Server:
      - cloudflare
      Transfer-Encoding:
      - chunked
      cf-cache-status:
      - DYNAMIC
      server-timing:
      - cfL4;desc="?proto=TCP&rtt=24422&min_rtt=17436&rtt_var=8689&sent=30&recv=32&lost=0&retrans=0&sent_bytes=14667&recv_bytes=4655&delivery_rate=230206&cwnd=231&unsent_bytes=0&cid=852a3a37110d8d4e&ts=2142&x=0"
    status:
      code: 200
      message: OK
- request:
    body: '{"method": "getBlockTransactions", "params": {"workchain": 0, "shard":
      "6917529027641081856", "seqno": 21086027, "count": 1000}, "jsonrpc": "2.0",
      "id": 1}'
    headers:
      Content-Type:
      - application/json
    method: POST
    uri: https://testnet.toncenter.com/api/v2/jsonRPC
  response:
    body:
      string: '{"ok":true,"result":{"@type":"blocks.transactions","id":{"@type":"ton.blockIdExt","workchain":0,"shard":"6917529027641081856","seqno":21086027,"root_hash":"jSVqqePfdt9G6XrX7wstpFlnSXW02Tn/jcbcHqr4S6o=","file_hash":"AL9uarQPVFr0LNhy3iqxOaWMFbYT2jtpFoMSv0V+2Rs="},"req_count":1000,"incomplete":false,"transactions":[],"@extra":"1737716394.3623424:11:0.1504578379816759"},"id":"1","jsonrpc":"2.0"}'
    headers:
      Access-Control-Allow-Headers:
      - User-Agent,Keep-Alive,Content-Type,X-API-Key,X-Ton-Client-Version
      Access-Control-Allow-Methods:
      - GET, POST, OPTIONS
      Access-Control-Allow-Origin:
      - '*'
      CF-RAY:
      - 906f8409cc2cf03d-LHR
      Connection:
      - keep-alive
      Content-Encoding:
      - gzip
      Content-Type:
      - application/json
      Date:
      - Fri, 24 Jan 2025 10:59:44 GMT
      NEL:
      - '{"success_fraction":0,"report_to":"cf-nel","max_age":604800}'
      Report-To:
      - '{"endpoints":[{"url":"https:\/\/a.nel.cloudflare.com\/report\/v4?s=FQV9V8oQegY6IJGczfvDppFDMzV9ckS%2BfdI%2F3l4ZcgFNZlP4CCN8PqqRT6IwSAtcsLheLdV60WloyQBbSr8GXC75Po%2B9uKXaS%2Bf%2B4JdWHyCL451P8Fyfc86JoTTsd9QobVKrFCsg5A%3D%3D"}],"group":"cf-nel","max_age":604800}'
      Server:
      - cloudflare
      Transfer-Encoding:
      - chunked
      cf-cache-status:
      - DYNAMIC
      server-timing:
      - cfL4;desc="?proto=TCP&rtt=22891&min_rtt=17027&rtt_var=4154&sent=29&recv=32&lost=0&retrans=0&sent_bytes=13303&recv_bytes=4250&delivery_rate=225556&cwnd=143&unsent_bytes=0&cid=f32fba6057c55b42&ts=2150&x=0"
    status:
      code: 200
      message: OK
- request:
    body: '{"method": "getBlockTransactions", "params": {"workchain": 0, "shard":
      "-2305843009213693952", "seqno": 21084230, "count": 1000}, "jsonrpc": "2.0",
      "id": 1}'
    headers:
      Content-Type:
      - application/json
    method: POST
    uri: https://testnet.toncenter.com/api/v2/jsonRPC
  response:
    body:
      string: '{"ok":true,"result":{"@type":"blocks.transactions","id":{"@type":"ton.blockIdExt","workchain":0,"shard":"-2305843009213693952","seqno":21084230,"root_hash":"MFh2ZqD9czEXDdpVeIFCNM/+2gaNupQRSULE6wBlor8=","file_hash":"LDMmQ3uVr3dcD1Uqzozu6Jrs9nb4qy6GI6F5KPWk2gU="},"req_count":1000,"incomplete":false,"transactions":[{"@type":"blocks.shortTxId","mode":135,"account":"0:c8529a3cd04d30e7d74e5b48b2b33deb4c168d2173ed19394319837bef09148d","lt":"22081063000001","hash":"ImqkXkTSnMfk95PCEFMLuKRYxyv8Ql27aJOevhUB59U="},{"@type":"blocks.shortTxId","mode":135,"account":"0:f630190f6fcde5fabb409265083dd21ed7523491e23d6f192770d13bba5fcfd7","lt":"22081063000001","hash":"6nOczgu4+MpoSkTEXAmtfTBcI8k0wPHqXKn9B4SSofA="}],"@extra":"1737716394.3626373:11:0.9940487094489173"},"id":"1","jsonrpc":"2.0"}'
    headers:
      Access-Control-Allow-Headers:
      - User-Agent,Keep-Alive,Content-Type,X-API-Key,X-Ton-Client-Version
      Access-Control-Allow-Methods:
      - GET, POST, OPTIONS
      Access-Control-Allow-Origin:
      - '*'
      CF-RAY:
      - 906f8409dd48a67c-LHR
      Connection:
      - keep-alive
      Content-Encoding:
      - gzip
      Content-Type:
      - application/json
      Date:
      - Fri, 24 Jan 2025 10:59:44 GMT
      NEL:
      - '{"success_fraction":0,"report_to":"cf-nel","max_age":604800}'
      Report-To:
      - '{"endpoints":[{"url":"https:\/\/a.nel.cloudflare.com\/report\/v4?s=L3vGB6DInLHb9vepNcFmdOYO7yX56LXNAQb9viSxNLrIvfXLeZpfxX%2FClnPX3G3sxIlZfUPNLAWJbgJaJCsDSydbIqGpGKrdWLcTAI5elG8BbjC0IlcUfEPdSWGSIKyjMOhcWyxc6Q%3D%3D"}],"group":"cf-nel","max_age":604800}'
      Server:
      - cloudflare
      Transfer-Encoding:
      - chunked
      cf-cache-status:
      - DYNAMIC
      server-timing:
      - cfL4;desc="?proto=TCP&rtt=23237&min_rtt=17447&rtt_var=6130&sent=39&recv=38&lost=0&retrans=0&sent_bytes=17616&recv_bytes=5447&delivery_rate=291289&cwnd=80&unsent_bytes=0&cid=d53445da77256161&ts=2336&x=0"
    status:
      code: 200
      message: OK
- request:
    body: '{"method": "getBlockTransactions", "params": {"workchain": 0, "shard":
      "-6917529027641081856", "seqno": 21083301, "count": 1000}, "jsonrpc": "2.0",
      "id": 1}'
    headers:
      Content-Type:
      - application/json
    method: POST
    uri: https://testnet.toncenter.com/api/v2/jsonRPC
  response:
    body:
      string: '{"ok":true,"result":{"@type":"blocks.transactions","id":{"@type":"ton.blockIdExt","workchain":0,"shard":"-6917529027641081856","seqno":21083301,"root_hash":"42kpQjhSFE00n6QasVrePSvZ/KrCNx5Hs0JXE+EUqkc=","file_hash":"mevp6RUDmhu3ibzdStubeK/E7OX0NH8I0pbIoCgdSmY="},"req_count":1000,"incomplete":false,"transactions":[],"@extra":"1737716394.3624628:11:0.7806196174112552"},"id":"1","jsonrpc":"2.0"}'
    headers:
      Access-Control-Allow-Headers:
      - User-Agent,Keep-Alive,Content-Type,X-API-Key,X-Ton-Client-Version
      Access-Control-Allow-Methods:
      - GET, POST, OPTIONS
      Access-Control-Allow-Origin:
      - '*'
      CF-RAY:
      - 906f8409cec54142-LHR
      Connection:
      - keep-alive
      Content-Encoding:
      - gzip
      Content-Type:
      - application/json
      Date:
      - Fri, 24 Jan 2025 10:59:44 GMT
      NEL:
      - '{"success_fraction":0,"report_to":"cf-nel","max_age":604800}'
      Report-To:
      - '{"endpoints":[{"url":"https:\/\/a.nel.cloudflare.com\/report\/v4?s=7Bgq3NTWgCtKdlvjzhL5OXrQxedeexHhVLw42C4I21IuCMSry5LXSE9A9B9TufExF757YhruKlvDZ24L2%2FXSS7tbmYUNK%2FY1tv8IfjX1k%2FBgHj9A7dpZFcqc%2BS5ikX4pVc1eHzuyfA%3D%3D"}],"group":"cf-nel","max_age":604800}'
      Server:
      - cloudflare
      Transfer-Encoding:
      - chunked
      cf-cache-status:
      - DYNAMIC
      server-timing:
      - cfL4;desc="?proto=TCP&rtt=25695&min_rtt=16876&rtt_var=12338&sent=27&recv=30&lost=0&retrans=0&sent_bytes=13234&recv_bytes=4254&delivery_rate=199604&cwnd=256&unsent_bytes=0&cid=70d63976874983f6&ts=2154&x=0"
    status:
      code: 200
      message: OK
- request:
    body: '{"method": "getMasterchainInfo", "params": {}, "jsonrpc": "2.0", "id":
      1}'
    headers:
      Content-Type:
      - application/json
    method: POST
    uri: https://testnet.toncenter.com/api/v2/jsonRPC
  response:
    body:
      string: '{"ok":true,"result":{"@type":"blocks.masterchainInfo","last":{"@type":"ton.blockIdExt","workchain":-1,"shard":"-9223372036854775808","seqno":27414836,"root_hash":"dhy9MRvkFFF/cH3lrdyU0Ml/w1vPluBLQkIUCeDptzc=","file_hash":"ncJzxjhCJznyRWlzgKmaL8fU7RkRtHbxmohR4nXkjNY="},"state_root_hash":"b0KCynz6AYXn58PVCDfRRTngOSkz3BP//uBsFT+nnvs=","init":{"@type":"ton.blockIdExt","workchain":-1,"shard":"0","seqno":0,"root_hash":"gj+B8wb/AmlPk1z1AhVI484rhrUpgSr2oSFIh56VoSg=","file_hash":"Z+IKwYS54DmmJmesw/nAD5DzWadnOCMzee+kdgSYDOg="},"@extra":"1737716393.958783:12:0.9906546508138726"},"id":"1","jsonrpc":"2.0"}'
    headers:
      Access-Control-Allow-Headers:
      - User-Agent,Keep-Alive,Content-Type,X-API-Key,X-Ton-Client-Version
      Access-Control-Allow-Methods:
      - GET, POST, OPTIONS
      Access-Control-Allow-Origin:
      - '*'
      CF-RAY:
      - 906f840b4866e8fc-LHR
      Connection:
      - keep-alive
      Content-Encoding:
      - gzip
      Content-Type:
      - application/json
      Date:
      - Fri, 24 Jan 2025 10:59:44 GMT
      NEL:
      - '{"success_fraction":0,"report_to":"cf-nel","max_age":604800}'
      Report-To:
      - '{"endpoints":[{"url":"https:\/\/a.nel.cloudflare.com\/report\/v4?s=k%2BmmqF8MWmDx0omiefb9uI8ehWKnlfkFm1nB6igYQRBri3UKitx5bJBtimK%2F5Gc6ar%2Bf0QacAMFqCnueshbRKF21fi%2FJRU5TAYgwzxEqOaHz4AGNDRcXyh%2FtIydP42gLrLAKbCsc6g%3D%3D"}],"group":"cf-nel","max_age":604800}'
      Server:
      - cloudflare
      Transfer-Encoding:
      - chunked
      cf-cache-status:
      - DYNAMIC
      server-timing:
      - cfL4;desc="?proto=TCP&rtt=24469&min_rtt=17436&rtt_var=6611&sent=33&recv=35&lost=0&retrans=0&sent_bytes=16025&recv_bytes=5049&delivery_rate=230206&cwnd=231&unsent_bytes=0&cid=852a3a37110d8d4e&ts=2307&x=0"
    status:
      code: 200
      message: OK
- request:
    body: '{"method": "shards", "params": {"seqno": 19627956}, "jsonrpc": "2.0", "id":
      1}'
    headers:
      Content-Type:
      - application/json
    method: POST
    uri: https://testnet.toncenter.com/api/v2/jsonRPC
  response:
    body:
      string: '{"ok":true,"result":{"@type":"blocks.shards","shards":[{"@type":"ton.blockIdExt","workchain":0,"shard":"2305843009213693952","seqno":21086017,"root_hash":"hWnJgacZENB2GPTplqNjR0NvQ8LztjGA5Go6s9aFC3w=","file_hash":"X0gta5Ir8BYQhZSpVehhWSmt4PHqg72biQyvetEi/8Y="},{"@type":"ton.blockIdExt","workchain":0,"shard":"6917529027641081856","seqno":21086028,"root_hash":"xWGS2hh9eWl7vtX4tb2WBj/2fwSPcam1RScrIpBYUuY=","file_hash":"JbfJCqTcjP41mFdU+SQXwbSgZ2uyc4WhTk9gxfXD0Z8="},{"@type":"ton.blockIdExt","workchain":0,"shard":"-6917529027641081856","seqno":21083302,"root_hash":"po00a1MmmhI+oKsUGiJaFd0FLfJZzr+Dy+Yvui7PtuY=","file_hash":"X5UtEzSbDAQVX0/TXPbLNBjsiKIhU8bzLrDyYID6kWQ="},{"@type":"ton.blockIdExt","workchain":0,"shard":"-2305843009213693952","seqno":21084231,"root_hash":"ZV3x1ZV96y73pewCMu4JMBakPr8fg0TFFrCtf02YGEE=","file_hash":"Ckr2LMU76Cta9ct3Mw17M9WkwgQERA6JpWCBGZwgKR4="}],"@extra":"1737716394.618768:2:0.8434141874852542"},"id":"1","jsonrpc":"2.0"}'
    headers:
      Access-Control-Allow-Headers:
      - User-Agent,Keep-Alive,Content-Type,X-API-Key,X-Ton-Client-Version
      Access-Control-Allow-Methods:
      - GET, POST, OPTIONS
      Access-Control-Allow-Origin:
      - '*'
      CF-RAY:
      - 906f840ba913f03d-LHR
      Connection:
      - keep-alive
      Content-Encoding:
      - gzip
      Content-Type:
      - application/json
      Date:
      - Fri, 24 Jan 2025 10:59:44 GMT
      NEL:
      - '{"success_fraction":0,"report_to":"cf-nel","max_age":604800}'
      Report-To:
      - '{"endpoints":[{"url":"https:\/\/a.nel.cloudflare.com\/report\/v4?s=9wa8hDClvycGdkJWAIAtM7uHCsUDyN7ZBBdiTdAN36Ks4AO1VgW4bJf%2FtMGxilHeAiCbBwHvlT7f4Znbio%2BhR5hzQD6NkUbnjpW1z6Uk2CBjusD4UAiS6vdfcXXM0PUquW5zKKZN9A%3D%3D"}],"group":"cf-nel","max_age":604800}'
      Server:
      - cloudflare
      Transfer-Encoding:
      - chunked
      cf-cache-status:
      - DYNAMIC
      server-timing:
      - cfL4;desc="?proto=TCP&rtt=23017&min_rtt=17027&rtt_var=3368&sent=32&recv=35&lost=0&retrans=0&sent_bytes=14661&recv_bytes=4649&delivery_rate=225556&cwnd=143&unsent_bytes=0&cid=f32fba6057c55b42&ts=2383&x=0"
    status:
      code: 200
      message: OK
- request:
    body: '{"method": "getBlockTransactions", "params": {"workchain": 0, "shard":
      "2305843009213693952", "seqno": 21086017, "count": 1000}, "jsonrpc": "2.0",
      "id": 1}'
    headers:
      Content-Type:
      - application/json
    method: POST
    uri: https://testnet.toncenter.com/api/v2/jsonRPC
  response:
    body:
      string: '{"ok":true,"result":{"@type":"blocks.transactions","id":{"@type":"ton.blockIdExt","workchain":0,"shard":"2305843009213693952","seqno":21086017,"root_hash":"hWnJgacZENB2GPTplqNjR0NvQ8LztjGA5Go6s9aFC3w=","file_hash":"X0gta5Ir8BYQhZSpVehhWSmt4PHqg72biQyvetEi/8Y="},"req_count":1000,"incomplete":false,"transactions":[],"@extra":"1737716394.6791308:2:0.20672120416743078"},"id":"1","jsonrpc":"2.0"}'
    headers:
      Access-Control-Allow-Headers:
      - User-Agent,Keep-Alive,Content-Type,X-API-Key,X-Ton-Client-Version
      Access-Control-Allow-Methods:
      - GET, POST, OPTIONS
      Access-Control-Allow-Origin:
      - '*'
      CF-RAY:
      - 906f840c1abea67c-LHR
      Connection:
      - keep-alive
      Content-Encoding:
      - gzip
      Content-Type:
      - application/json
      Date:
      - Fri, 24 Jan 2025 10:59:44 GMT
      NEL:
      - '{"success_fraction":0,"report_to":"cf-nel","max_age":604800}'
      Report-To:
      - '{"endpoints":[{"url":"https:\/\/a.nel.cloudflare.com\/report\/v4?s=n2kcQLme4pKvKU1ltenD2iZm2xNIu0G4omjm8De5gbGGFE3h7v34LERjWj3KJDaNaQFndUGQMzw4LlAzHxuRnweyjpkdxfFtJBHpX%2BUDP%2B%2FMrD67tdoNtnNB95FYL%2F4ywgNpH8JYTw%3D%3D"}],"group":"cf-nel","max_age":604800}'
      Server:
      - cloudflare
      Transfer-Encoding:
      - chunked
      cf-cache-status:
      - DYNAMIC
      server-timing:
      - cfL4;desc="?proto=TCP&rtt=23354&min_rtt=17447&rtt_var=4831&sent=43&recv=41&lost=0&retrans=0&sent_bytes=19217&recv_bytes=5924&delivery_rate=291289&cwnd=80&unsent_bytes=0&cid=d53445da77256161&ts=2628&x=0"
    status:
      code: 200
      message: OK
- request:
    body: '{"method": "getBlockTransactions", "params": {"workchain": 0, "shard":
      "-2305843009213693952", "seqno": 21084231, "count": 1000}, "jsonrpc": "2.0",
      "id": 1}'
    headers:
      Content-Type:
      - application/json
    method: POST
    uri: https://testnet.toncenter.com/api/v2/jsonRPC
  response:
    body:
      string: '{"ok":true,"result":{"@type":"blocks.transactions","id":{"@type":"ton.blockIdExt","workchain":0,"shard":"-2305843009213693952","seqno":21084231,"root_hash":"ZV3x1ZV96y73pewCMu4JMBakPr8fg0TFFrCtf02YGEE=","file_hash":"Ckr2LMU76Cta9ct3Mw17M9WkwgQERA6JpWCBGZwgKR4="},"req_count":1000,"incomplete":false,"transactions":[{"@type":"blocks.shortTxId","mode":135,"account":"0:e389775abd621e45beb722ddb0e3a9e40b7c844d7e2e945cc52498bede7c0d68","lt":"22081064000001","hash":"KuJ+VLwJ6ws4yilv4aT62gZyCtNXf5fXRFL7dyX1dmo="}],"@extra":"1737716394.7309797:11:0.30634114254216793"},"id":"1","jsonrpc":"2.0"}'
    headers:
      Access-Control-Allow-Headers:
      - User-Agent,Keep-Alive,Content-Type,X-API-Key,X-Ton-Client-Version
      Access-Control-Allow-Methods:
      - GET, POST, OPTIONS
      Access-Control-Allow-Origin:
      - '*'
      CF-RAY:
      - 906f840c2a44f03d-LHR
      Connection:
      - keep-alive
      Content-Encoding:
      - gzip
      Content-Type:
      - application/json
      Date:
      - Fri, 24 Jan 2025 10:59:44 GMT
      NEL:
      - '{"success_fraction":0,"report_to":"cf-nel","max_age":604800}'
      Report-To:
      - '{"endpoints":[{"url":"https:\/\/a.nel.cloudflare.com\/report\/v4?s=Qwhc4tQBGREdrVDGDyYLW9ni0WnifQ6JIVVtTeUJopLpiyNOBMvChD%2FJi0X1lvbLr%2FOg6YnpFoy2u6p9LST%2FRTtsnr%2BG1XCyHc7I8vhZMAZZKquooB7JUqQsTHZxu057pwXzhSY3bg%3D%3D"}],"group":"cf-nel","max_age":604800}'
      Server:
      - cloudflare
      Transfer-Encoding:
      - chunked
      cf-cache-status:
      - DYNAMIC
      server-timing:
      - cfL4;desc="?proto=TCP&rtt=22677&min_rtt=17027&rtt_var=3206&sent=36&recv=38&lost=0&retrans=0&sent_bytes=16271&recv_bytes=5127&delivery_rate=225556&cwnd=143&unsent_bytes=0&cid=f32fba6057c55b42&ts=2519&x=0"
    status:
      code: 200
      message: OK
- request:
    body: '{"method": "getBlockTransactions", "params": {"workchain": 0, "shard":
      "6917529027641081856", "seqno": 21086028, "count": 1000}, "jsonrpc": "2.0",
      "id": 1}'
    headers:
      Content-Type:
      - application/json
    method: POST
    uri: https://testnet.toncenter.com/api/v2/jsonRPC
  response:
    body:
      string: '{"ok":true,"result":{"@type":"blocks.transactions","id":{"@type":"ton.blockIdExt","workchain":0,"shard":"6917529027641081856","seqno":21086028,"root_hash":"xWGS2hh9eWl7vtX4tb2WBj/2fwSPcam1RScrIpBYUuY=","file_hash":"JbfJCqTcjP41mFdU+SQXwbSgZ2uyc4WhTk9gxfXD0Z8="},"req_count":1000,"incomplete":false,"transactions":[],"@extra":"1737716394.7311428:11:0.6744035104680867"},"id":"1","jsonrpc":"2.0"}'
    headers:
      Access-Control-Allow-Headers:
      - User-Agent,Keep-Alive,Content-Type,X-API-Key,X-Ton-Client-Version
      Access-Control-Allow-Methods:
      - GET, POST, OPTIONS
      Access-Control-Allow-Origin:
      - '*'
      CF-RAY:
      - 906f840c190d4142-LHR
      Connection:
      - keep-alive
      Content-Encoding:
      - gzip
      Content-Type:
      - application/json
      Date:
      - Fri, 24 Jan 2025 10:59:44 GMT
      NEL:
      - '{"success_fraction":0,"report_to":"cf-nel","max_age":604800}'
      Report-To:
      - '{"endpoints":[{"url":"https:\/\/a.nel.cloudflare.com\/report\/v4?s=eFcPM8edWBtWXFybnqO3MX9KeXlDJvcvArT1D1RSE20mlDXQUScLGD25Enns9lsw6W0hO%2Bcm1nHJN6CGlpRlosFWAlhCYogew0vvQ2WwkZlrw7HGUO%2FIkzyo%2BSvKMRcAGgGiucKGWA%3D%3D"}],"group":"cf-nel","max_age":604800}'
      Server:
      - cloudflare
      Transfer-Encoding:
      - chunked
      cf-cache-status:
      - DYNAMIC
      server-timing:
      - cfL4;desc="?proto=TCP&rtt=25628&min_rtt=16876&rtt_var=7058&sent=30&recv=34&lost=0&retrans=0&sent_bytes=14593&recv_bytes=4731&delivery_rate=199604&cwnd=256&unsent_bytes=0&cid=70d63976874983f6&ts=2519&x=0"
    status:
      code: 200
      message: OK
- request:
    body: '{"method": "getBlockTransactions", "params": {"workchain": 0, "shard":
      "-6917529027641081856", "seqno": 21083302, "count": 1000}, "jsonrpc": "2.0",
      "id": 1}'
    headers:
      Content-Type:
      - application/json
    method: POST
    uri: https://testnet.toncenter.com/api/v2/jsonRPC
  response:
    body:
      string: '{"ok":true,"result":{"@type":"blocks.transactions","id":{"@type":"ton.blockIdExt","workchain":0,"shard":"-6917529027641081856","seqno":21083302,"root_hash":"po00a1MmmhI+oKsUGiJaFd0FLfJZzr+Dy+Yvui7PtuY=","file_hash":"X5UtEzSbDAQVX0/TXPbLNBjsiKIhU8bzLrDyYID6kWQ="},"req_count":1000,"incomplete":false,"transactions":[{"@type":"blocks.shortTxId","mode":135,"account":"0:86f14185d2e0226fc3d151541181ca5a15beee9dda2767d765c718f6bf0e1fb8","lt":"22081063000001","hash":"1903taiMc5Gz8ayuLYikkjPRVIh2ErfbWr7B4BbuxNs="}],"@extra":"1737716394.750149:11:0.28755393558132447"},"id":"1","jsonrpc":"2.0"}'
    headers:
      Access-Control-Allow-Headers:
      - User-Agent,Keep-Alive,Content-Type,X-API-Key,X-Ton-Client-Version
      Access-Control-Allow-Methods:
      - GET, POST, OPTIONS
      Access-Control-Allow-Origin:
      - '*'
      CF-RAY:
      - 906f840c2a18e8fc-LHR
      Connection:
      - keep-alive
      Content-Encoding:
      - gzip
      Content-Type:
      - application/json
      Date:
      - Fri, 24 Jan 2025 10:59:44 GMT
      NEL:
      - '{"success_fraction":0,"report_to":"cf-nel","max_age":604800}'
      Report-To:
      - '{"endpoints":[{"url":"https:\/\/a.nel.cloudflare.com\/report\/v4?s=8j%2F4C9PVBzMFrwT5DPveyGueiSM5tgGyRvaM1iOweCAmnRiywoBxnNLPr8TwOmhR4XCxWvy8K64zZIdxnYz4ogKIeyv3LkNAy4GWy9fLE%2Fx3CZLM4HUqhOzEGBi6YWOyrWzfM71yhw%3D%3D"}],"group":"cf-nel","max_age":604800}'
      Server:
      - cloudflare
      Transfer-Encoding:
      - chunked
      cf-cache-status:
      - DYNAMIC
      server-timing:
      - cfL4;desc="?proto=TCP&rtt=24051&min_rtt=17436&rtt_var=5796&sent=36&recv=38&lost=0&retrans=0&sent_bytes=17516&recv_bytes=5527&delivery_rate=230206&cwnd=231&unsent_bytes=0&cid=852a3a37110d8d4e&ts=2535&x=0"
    status:
      code: 200
      message: OK
- request:
    body: '{"method": "getMasterchainInfo", "params": {}, "jsonrpc": "2.0", "id":
      1}'
    headers:
      Content-Type:
      - application/json
    method: POST
    uri: https://testnet.toncenter.com/api/v2/jsonRPC
  response:
    body:
      string: '{"ok":true,"result":{"@type":"blocks.masterchainInfo","last":{"@type":"ton.blockIdExt","workchain":-1,"shard":"-9223372036854775808","seqno":27414836,"root_hash":"dhy9MRvkFFF/cH3lrdyU0Ml/w1vPluBLQkIUCeDptzc=","file_hash":"ncJzxjhCJznyRWlzgKmaL8fU7RkRtHbxmohR4nXkjNY="},"state_root_hash":"b0KCynz6AYXn58PVCDfRRTngOSkz3BP//uBsFT+nnvs=","init":{"@type":"ton.blockIdExt","workchain":-1,"shard":"0","seqno":0,"root_hash":"gj+B8wb/AmlPk1z1AhVI484rhrUpgSr2oSFIh56VoSg=","file_hash":"Z+IKwYS54DmmJmesw/nAD5DzWadnOCMzee+kdgSYDOg="},"@extra":"1737716393.958783:12:0.9906546508138726"},"id":"1","jsonrpc":"2.0"}'
    headers:
      Access-Control-Allow-Headers:
      - User-Agent,Keep-Alive,Content-Type,X-API-Key,X-Ton-Client-Version
      Access-Control-Allow-Methods:
      - GET, POST, OPTIONS
      Access-Control-Allow-Origin:
      - '*'
      CF-RAY:
      - 906f840dbf56a67c-LHR
      Connection:
      - keep-alive
      Content-Encoding:
      - gzip
      Content-Type:
      - application/json
      Date:
      - Fri, 24 Jan 2025 10:59:44 GMT
      NEL:
      - '{"success_fraction":0,"report_to":"cf-nel","max_age":604800}'
      Report-To:
      - '{"endpoints":[{"url":"https:\/\/a.nel.cloudflare.com\/report\/v4?s=HED%2BUCUs93J6gxpoGDhZCcHyR27Dmab7rtO7Yvvht5Jc%2Fd7EtBp7vgFb861laeUFMQeRLULGPnYALxR7394L8YZIiHySnEtBs6lvZcinv2NPGSuY9JNNwsX7DK3kxXN%2FzzLrL%2Fpt8g%3D%3D"}],"group":"cf-nel","max_age":604800}'
      Server:
      - cloudflare
      Transfer-Encoding:
      - chunked
      cf-cache-status:
      - DYNAMIC
      server-timing:
      - cfL4;desc="?proto=TCP&rtt=22739&min_rtt=17447&rtt_var=4834&sent=46&recv=44&lost=0&retrans=0&sent_bytes=20573&recv_bytes=6318&delivery_rate=291289&cwnd=80&unsent_bytes=0&cid=d53445da77256161&ts=2883&x=0"
    status:
      code: 200
      message: OK
version: 1
